IQ-TREE multicore version 2.0.7 for Linux 64-bit built Jan 21 2022
Developed by Bui Quang Minh, Nguyen Lam Tung, Olga Chernomor,
Heiko Schmidt, Dominik Schrempf, Michael Woodhams.

Host:    andrei-IdeaPad-3-15IIL05 (AVX512, FMA3, 7 GB RAM)
Command: iqtree2 -p iqtree_table_salt/ -p example.nex -B 1000
Seed:    56493 (Using SPRNG - Scalable Parallel Random Number Generator)
Time:    Fri Sep 11 17:03:34 2026
Kernel:  AVX+FMA - 1 threads (8 CPU cores detected)

HINT: Use -nt option to specify number of threads because your CPU has 8 cores!
HINT: -nt AUTO will automatically determine the best number of threads to use.

Reading partition model file example.nex ...

Loading 8 partitions...
Reading alignment file iqtree_table_salt/AK_lacustris_HOU_table_salt.fa.aln.trim ... Fasta format detected
Alignment most likely contains DNA/RNA sequences
Alignment has 35 sequences with 676 columns, 159 distinct patterns
27 parsimony-informative, 50 singleton sites, 599 constant sites
                                    Gap/Ambiguity  Composition  p-value
   1  SLOCHN001_fresh_MOTU1_EUG-1           2.22%    passed     98.05%
   2  IZCASIA1686_brakish_MOTU16_HIG        0.44%    passed     99.96%
   3  SLOCHN101_fresh_MOTU17_TSG-2          0.74%    passed     98.99%
   4  IZCASIA1196_fresh_MOTU38_EAG          0.44%    passed     99.96%
   5  IZCASIA0696a_brackish_MOTU42_EAG      1.04%    passed     99.99%
   6  IZCASIA1670_brackish_MOTU45_NTG       0.30%    passed     99.87%
   7  IZCASIA0968_salty_MOTU46_NTG         67.60%    passed     93.56%
   8  IZCASIA1671_salty_MOTU47_NTG          0.15%    passed     99.81%
   9  IZCASIA1699_brackish_MOTU48_NTG       1.18%    passed     99.53%
  10  IZCASIA0871_brackish_MOTU50_NTG      68.05%    passed     97.86%
  11  IZCASIA1639_brackish_MOTU53_NTG       1.18%    passed     99.92%
  12  IZCASIA1669_salty_MOTU56_TSG-4        1.04%    passed     99.63%
  13  IZCASIA2796_salty_MOTU63_STG          1.04%    passed    100.00%
  14  IZCASIA2800_salty_MOTU64_STG          0.89%    passed     99.98%
  15  IZCASIA2802_brackish_MOTU65_STG       0.74%    passed     99.98%
  16  IZCASIA2905_salty_MOTU66_STG          0.30%    passed     99.96%
  17  IZCASIA2794_fresh_MOTU67_STG          1.78%    passed     99.78%
  18  IZCASIA1336_fresh_MOTU69_STG          0.59%    passed     99.94%
  19  IZCASIA1051_fresh_MOTU70_STG          1.92%    passed     98.00%
  20  IZCASIA1109_fresh_MOTU71_STG         44.08%    passed     95.03%
  21  IZCASIA1335_fresh_MOTU74_STG          2.07%    passed     99.54%
  22  IZCASIA1071_fresh_MOTU75_STG          0.44%    passed     99.78%
  23  IZCASIA1072_fresh_MOTU76_STG          0.15%    passed     99.99%
  24  IZCASIA1073_fresh_MOTU78_STG          0.74%    passed     99.98%
  25  SLOCHN168_salty_MOTU85_EUG-2          0.59%    passed     99.98%
  26  SLOCHN235_fresh_MOTU91_EUG-2          3.25%    passed     99.94%
  27  SLOCHN234_fresh_MOTU94_TSG-5          0.74%    passed     98.63%
  28  IZCASIA0693A_fresh_MOTU99_TSG-5      62.57%    passed     98.51%
  29  SLOCHNTAD4_fresh_MOTU100_TSG-5        0.30%    passed     99.65%
  30  IZCASIA1347_salty_MOTU101_TSG-5       0.00%    passed     97.96%
  31  IZCASIA1384_brackish_MOTU103_TSG-5    0.00%    passed     97.93%
  32  IZCASIA1386_brackish_MOTU104_TSG-5    1.92%    passed     96.66%
  33  SLOCHN174_fresh_MOTU109_TSG-5         0.00%    passed     99.67%
  34  SLOCHN198_fresh_MOTU111_TSG-5         0.15%    passed     99.72%
  35  SLOCHNTAD2_fresh_MOTU115_TSG-5        0.00%    passed     98.82%
WARNING: 3 sequences contain more than 50% gaps/ambiguity
****  TOTAL                                 7.68%  0 sequences failed composition chi2 test (p-value<5%; df=3)
Reading alignment file iqtree_table_salt/COIII_lacustris_HOU_table_salt.fa.aln.trim ... Fasta format detected
Alignment most likely contains DNA/RNA sequences
Alignment has 52 sequences with 519 columns, 244 distinct patterns
199 parsimony-informative, 29 singleton sites, 291 constant sites
                                    Gap/Ambiguity  Composition  p-value
   1  SLOCHN473_fresh_MOTU4_EUG-1           0.00%    passed     97.42%
   2  SLOCHN375_salty_MOTU10_TSG-1          0.00%    passed     86.63%
   3  IZCASIA1087_fresh_MOTU11_HIG          0.00%    passed     99.98%
   4  IZCASIA2906_fresh_MOTU12_HIG          0.00%    passed     99.43%
   5  IZCASIA1952_fresh_MOTU14_HIG          0.00%    passed     98.44%
   6  SLOCHN342_salty_MOTU15_HIG            0.00%    passed     99.46%
   7  IZCASIA1686_brakish_MOTU16_HIG        0.00%    passed     90.63%
   8  IZCASIA1810_fresh_MOTU18_TSG-2       15.80%    passed     97.13%
   9  IZCASIA1189_fresh_MOTU22_NAG          0.00%    passed     99.28%
  10  IZCASIA1344_fresh_MOTU33_TSG-3        0.00%    passed     99.97%
  11  SLOCHN372_fresh_MOTU36_TSG-3          0.00%    passed     99.39%
  12  IZCASIA1356_fresh_MOTU37_EAG          0.00%    passed     96.86%
  13  IZCASIA1196_fresh_MOTU38_EAG          0.00%    passed     97.62%
  14  IZCASIA2924_brackish_MOTU39_EAG       0.00%    passed     98.69%
  15  IZCASIA2924_brackish_MOTU40_EAG       0.00%    passed     98.69%
  16  IZCASIA0696a_brackish_MOTU42_EAG      0.00%    passed     99.81%
  17  IZCASIA0430_brackish_MOTU44_NTG       0.00%    passed     99.60%
  18  IZCASIA1670_brackish_MOTU45_NTG       0.00%    passed     99.77%
  19  IZCASIA0968_salty_MOTU46_NTG          0.00%    passed     99.91%
  20  IZCASIA1671_salty_MOTU47_NTG          0.00%    passed    100.00%
  21  IZCASIA1699_brackish_MOTU48_NTG       0.00%    passed    100.00%
  22  IZCASIA0871_brackish_MOTU50_NTG       0.00%    passed     99.40%
  23  IZCASIA1933_fresh_MOTU51_NTG          0.00%    passed    100.00%
  24  IZCASIA1635_brackish_MOTU52_NTG       0.00%    passed     99.21%
  25  IZCASIA1639_brackish_MOTU53_NTG       0.00%    passed     92.43%
  26  IZCASIA0436a_fresh_MOTU54_NTG         0.00%    passed     99.45%
  27  IZCASIA1669_salty_MOTU56_TSG-4        0.00%    passed     99.56%
  28  SLOCHN363_fresh_MOTU60_TSG-4          0.00%    passed     99.56%
  29  IZCASIA2796_salty_MOTU63_STG          0.00%    passed     94.90%
  30  IZCASIA2800_salty_MOTU64_STG          0.00%    passed     95.23%
  31  IZCASIA2802_brackish_MOTU65_STG       0.00%    passed     86.52%
  32  IZCASIA2905_salty_MOTU66_STG          0.00%    passed     86.31%
  33  IZCASIA2794_fresh_MOTU67_STG          0.00%    passed     70.89%
  34  IZCASIA1336_fresh_MOTU69_STG          0.00%    passed     83.11%
  35  IZCASIA1051_fresh_MOTU70_STG          0.00%    passed     92.65%
  36  IZCASIA1109_fresh_MOTU71_STG          0.00%    passed     98.19%
  37  IZCASIA1335_fresh_MOTU74_STG          0.00%    passed     98.29%
  38  IZCASIA1071_fresh_MOTU75_STG          0.00%    passed     99.86%
  39  IZCASIA1072_fresh_MOTU76_STG          0.00%    passed     93.43%
  40  IZCASIA1111_fresh_MOTU77_STG          0.00%    passed     83.53%
  41  IZCASIA1073_fresh_MOTU78_STG          0.00%    passed     62.54%
  42  IZCASIA0693A_fresh_MOTU99_TSG-5       0.00%    passed     64.10%
  43  IZCASIA1347_salty_MOTU101_TSG-5       0.00%    passed     52.36%
  44  IZCASIA1981_fresh_MOTU102_TSG-5       0.00%    passed     51.11%
  45  IZCASIA1384_brackish_MOTU103_TSG-5    0.00%    passed     51.66%
  46  IZCASIA1386_brackish_MOTU104_TSG-5    0.00%    passed     29.78%
  47  SLOCHN371_fresh_MOTU105_TSG-5         0.00%    passed     76.48%
  48  SLOCHN360_fresh_MOTU107_TSG-5         0.00%    passed     99.67%
  49  IZCASIA1996_fresh_MOTU113_TSG-5       1.54%    passed     98.60%
  50  IZCASIA2011_brackish_MOTU116_TSG-5    0.00%    passed     44.57%
  51  IZCASIA2010_fresh_MOTU118_TSG-5      26.59%    passed     81.19%
  52  IZCASIA2001_brackish_MOTU119_TSG-5   36.99%    passed      8.67%
****  TOTAL                                 1.56%  0 sequences failed composition chi2 test (p-value<5%; df=3)
Reading alignment file iqtree_table_salt/COI_lacustris_HOU_table_salt.fa.aln.trim ... Fasta format detected
Alignment most likely contains DNA/RNA sequences
Alignment has 133 sequences with 1213 columns, 806 distinct patterns
587 parsimony-informative, 293 singleton sites, 333 constant sites
                                                           Gap/Ambiguity  Composition  p-value
   1  SLOCHN001_fresh_MOTU1_EUG-1                                  0.00%    passed     64.63%
   2  4_fresh_MOTU2_EUG-1                                         50.37%    passed     97.85%
   3  5_fresh_MOTU3_EUG-1                                         52.18%    passed     95.06%
   4  SLOCHN473_fresh_MOTU4_EUG-1                                  0.00%    passed     78.67%
   5  6_fresh_MOTU5_EUG-1                                         48.23%    passed     94.32%
   6  7_fresh_MOTU6_EUG-1                                         56.88%    passed     73.73%
   7  8_fresh_MOTU7_EUG-1                                         52.18%    passed     98.00%
   8  9_fresh_MOTU8_EUG-1                                         51.61%    passed     96.88%
   9  SLOCHN249_fresh_MOTU9_TSG-1                                 21.35%    failed      0.00%
  10  SLOCHN375_salty_MOTU10_TSG-1                                 0.00%    passed     98.67%
  11  IZCASIA1087_fresh_MOTU11_HIG                                 0.00%    passed     86.10%
  12  IZCASIA2906_fresh_MOTU12_HIG                                 0.00%    passed     90.94%
  13  IZCASIA1259_brackish_MOTU13_HIG                             24.15%    passed     80.66%
  14  IZCASIA1952_fresh_MOTU14_HIG                                 0.00%    passed     97.97%
  15  SLOCHN342_salty_MOTU15_HIG                                   0.00%    passed     99.65%
  16  IZCASIA1686_brakish_MOTU16_HIG                               0.00%    passed     97.33%
  17  SLOCHN101_fresh_MOTU17_TSG-2                                46.83%    passed     90.80%
  18  IZCASIA1810_fresh_MOTU18_TSG-2                               0.00%    passed     98.60%
  19  SLOCHN377_fresh_MOTU19_TSG-2                                 0.00%    passed     95.96%
  20  SLOCHN370_brekish_MOTU20_TSG-2                               0.00%    passed     97.70%
  21  10_fresh_MOTU21_TSG-2                                       48.23%    passed     95.06%
  22  IZCASIA1189_fresh_MOTU22_NAG                                 0.00%    passed     99.36%
  23  IZCASIA1260_salty_MOTU23_NAG                                18.30%    passed     95.21%
  24  IZCASIA1389_fresh_MOTU24_NAG                                 0.00%    passed     99.27%
  25  SLOCHN490_fresh_MOTU25_NAG                                   0.00%    passed     94.46%
  26  11_fresh_MOTU26_NAG                                         55.56%    passed     95.24%
  27  12_brekish_MOTU27_NAG                                       49.63%    passed     99.55%
  28  13_brekish_MOTU28_NAG                                       49.63%    passed     99.61%
  29  14_fresh_MOTU30_NAG                                         49.63%    passed     97.82%
  30  15_fresh_MOTU31_NAG                                         49.63%    passed     99.51%
  31  16_fresh_MOTU32_NAG                                         49.63%    passed     99.98%
  32  IZCASIA1344_fresh_MOTU33_TSG-3                               0.00%    passed     96.07%
  33  17_fresh_MOTU34_TSG-3                                       51.28%    passed     86.00%
  34  SLOCHN359_fresh_MOTU35_TSG-3                                 0.00%    passed     90.09%
  35  SLOCHN372_fresh_MOTU36_TSG-3                                 0.00%    passed     95.46%
  36  IZCASIA1356_fresh_MOTU37_EAG                                 0.00%    passed     90.88%
  37  IZCASIA1196_fresh_MOTU38_EAG                                 0.00%    passed     99.56%
  38  IZCASIA2924_brackish_MOTU39_EAG                              0.00%    passed     95.34%
  39  IZCASIA2924_brackish_MOTU40_EAG                              0.00%    passed     95.34%
  40  IZCASIA1104_brackish_MOTU41_EAG                             67.52%    passed     72.86%
  41  IZCASIA0696a_brackish_MOTU42_EAG                             0.00%    passed     92.98%
  42  18_fresh_MOTU43_EAG                                         67.35%    passed     89.75%
  43  IZCASIA0430_brackish_MOTU44_NTG                              0.00%    passed     95.53%
  44  IZCASIA1670_brackish_MOTU45_NTG                              0.00%    passed     89.01%
  45  IZCASIA0968_salty_MOTU46_NTG                                 0.00%    passed     94.76%
  46  IZCASIA1671_salty_MOTU47_NTG                                 0.00%    passed     97.36%
  47  IZCASIA1699_brackish_MOTU48_NTG                              0.00%    passed     92.61%
  48  19_fresh_MOTU49_NTG                                         49.71%    passed     97.04%
  49  IZCASIA0871_brackish_MOTU50_NTG                              0.00%    passed     96.32%
  50  IZCASIA1933_fresh_MOTU51_NTG                                 0.00%    passed     98.32%
  51  IZCASIA1635_brackish_MOTU52_NTG                              0.00%    passed     97.31%
  52  IZCASIA1639_brackish_MOTU53_NTG                              0.25%    passed     88.29%
  53  IZCASIA0436a_fresh_MOTU54_NTG                                0.00%    passed     92.20%
  54  IZCASIA0436a_fresh_MOTU55_NTG                               50.21%    passed     85.23%
  55  IZCASIA1669_salty_MOTU56_TSG-4                               0.00%    passed     98.43%
  56  IZCASIA0426_fresh_MOTU57_TSG-4                              47.73%    passed     68.13%
  57  SLOCHN364_brackish_MOTU58_TSG-4                             19.79%    passed     57.05%
  58  SLOCHN368_fresh_MOTU59_TSG-4                                19.79%    passed     68.42%
  59  SLOCHN363_fresh_MOTU60_TSG-4                                20.20%    passed     65.72%
  60  SLOCHN236_fresh_MOTU61_TSG-4                                48.72%    failed      4.51%
  61  IZCASIA2796_salty_MOTU63_STG                                21.43%    passed     65.94%
  62  IZCASIA2800_salty_MOTU64_STG                                21.43%    passed     73.33%
  63  IZCASIA2802_brackish_MOTU65_STG                              0.00%    passed     94.51%
  64  IZCASIA2905_salty_MOTU66_STG                                 0.00%    passed     73.45%
  65  IZCASIA2794_fresh_MOTU67_STG                                21.43%    passed     74.92%
  66  IZCASIA1336_fresh_MOTU69_STG                                 0.00%    passed     95.67%
  67  IZCASIA1051_fresh_MOTU70_STG                                 0.00%    passed     77.06%
  68  IZCASIA1109_fresh_MOTU71_STG                                 0.00%    passed     55.69%
  69  IZCASIA1335_fresh_MOTU74_STG                                47.73%    passed     89.65%
  70  IZCASIA1071_fresh_MOTU75_STG                                50.04%    passed     73.52%
  71  IZCASIA1072_fresh_MOTU76_STG                                47.57%    passed     95.14%
  72  IZCASIA1111_fresh_MOTU77_STG                                 0.00%    passed     48.91%
  73  IZCASIA1073_fresh_MOTU78_STG                                 0.00%    passed     68.63%
  74  SLOCHN345_brackish_MOTU80_STG                               47.40%    passed     88.39%
  75  20_fresh_MOTU81_STG                                         66.03%    failed      0.00%
  76  SLOCHN075_fresh_MOTU83_EUG-2                                49.63%    passed     55.25%
  77  SLOCHN161_fresh_MOTU84_EUG-2                                48.72%    passed     53.88%
  78  SLOCHN168_salty_MOTU85_EUG-2                                46.83%    passed     86.82%
  79  SLOCHN170_salty_MOTU86_EUG-2                                62.57%    passed     86.20%
  80  SLOCHN442_fresh_MOTU87_EUG-2                                47.40%    passed     98.11%
  81  SLOCHN351_salty_MOTU90_EUG-2                                66.12%    passed      6.51%
  82  SLOCHN235_fresh_MOTU91_EUG-2                                46.99%    passed     53.89%
  83  21_fresh_MOTU92_EUG-2                                       66.03%    failed      0.00%
  84  22_fresh_MOTU93_EUG-2                                       66.03%    failed      0.00%
  85  SLOCHN234_fresh_MOTU94_TSG-5                                46.83%    passed     33.73%
  86  23_fresh_MOTU95_TSG-5                                       66.03%    failed      0.00%
  87  SLOCHNN2TUM_fresh_MOTU96_TSG-5                              47.40%    passed     50.01%
  88  SLOCHN515_fresh_MOTU97_TSG-5                                62.82%    passed     84.78%
  89  SLOCHN343_fresh_MOTU98_TSG-5                                67.19%    passed     96.19%
  90  IZCASIA0693A_fresh_MOTU99_TSG-5                              0.00%    passed     14.22%
  91  SLOCHNTAD4_fresh_MOTU100_TSG-5                              46.83%    passed     38.68%
  92  IZCASIA1347_salty_MOTU101_TSG-5                              0.00%    passed     22.30%
  93  IZCASIA1981_fresh_MOTU102_TSG-5                             19.79%    passed     57.39%
  94  IZCASIA1384_brackish_MOTU103_TSG-5                          18.30%    passed     39.21%
  95  IZCASIA1386_brackish_MOTU104_TSG-5                          18.30%    passed     52.08%
  96  SLOCHN371_fresh_MOTU105_TSG-5                               20.03%    passed     34.16%
  97  IZCASIA0432_brackish_MOTU106_TSG-5                          74.61%    passed     60.98%
  98  SLOCHN360_fresh_MOTU107_TSG-5                               76.01%    passed      5.04%
  99  SLOCHN257_fresh_MOTU108_TSG-5                               66.20%    passed     34.24%
 100  SLOCHN174_fresh_MOTU109_TSG-5                               46.83%    passed     92.97%
 101  SLOCHN420_fresh_MOTU110_TSG-5                               47.40%    passed     95.22%
 102  SLOCHN198_fresh_MOTU111_TSG-5                               65.46%    failed      4.90%
 103  IZCASIA2008_brackish_MOTU112_TSG-5                          19.79%    passed     53.23%
 104  IZCASIA1996_fresh_MOTU113_TSG-5                             19.79%    passed     67.05%
 105  IZCASIA2018_fresh_MOTU114_TSG-5                             19.79%    passed     81.08%
 106  SLOCHNTAD2_fresh_MOTU115_TSG-5                              65.95%    passed     85.55%
 107  IZCASIA2011_brackish_MOTU116_TSG-5                          19.79%    passed     52.09%
 108  IZCASIA2010_fresh_MOTU118_TSG-5                             19.79%    passed     26.01%
 109  IZCASIA2001_brackish_MOTU119_TSG-5                          68.10%    failed      0.03%
 110  MK887756_fresh_Gammarus_lacustris_voucher_Gla_Lake_14_K12   46.33%    passed     96.75%
 111  MK887757_fresh_Gammarus_lacustris_voucher_Gla_Lake_14_K14   46.33%    passed     96.75%
 112  MK887758_fresh_Gammarus_lacustris_voucher_Gla_Lake_14_K15   46.33%    passed     96.75%
 113  MK887759_fresh_Gammarus_lacustris_voucher_Gla_Lake_14_K16   46.33%    passed     96.75%
 114  MK887760_fresh_Gammarus_lacustris_voucher_Gla_Lake_14_K17   46.33%    passed     96.75%
 115  MK887761_fresh_Gammarus_lacustris_voucher_Gla_Lake_14_K18   46.33%    passed     96.75%
 116  MK887762_fresh_Gammarus_lacustris_voucher_Gla_Lake_14_K19   46.33%    passed     98.80%
 117  MK887763_fresh_Gammarus_lacustris_voucher_Gla_Lake_14_K20   46.33%    passed     96.75%
 118  MK887764_fresh_Gammarus_lacustris_voucher_Gla_Lake_14_K21   46.33%    passed     96.75%
 119  PV701153_fresh_NuhuNur                                      53.26%    passed     97.13%
 120  PZ571254_fresh_NuhuNur2                                     47.65%    passed     91.56%
 121  PZ571460_fresh_NuhuNur_3                                    56.97%    passed     97.14%
 122  PZ580165_fresh_NuhuNur_4                                    47.57%    passed     95.70%
 123  PV701074_fresh_Kirenga                                      48.64%    passed     86.91%
 124  PV701177_brackish_Bormashovoe                               53.26%    passed     90.94%
 125  PZ724287_brackish_Bormashovoe_2                             48.39%    passed     88.84%
 126  PX022866_brackish_NamishNur                                 59.03%    passed     90.10%
 127  PZ571178_brackish_NamishNur_1                               50.95%    passed     92.17%
 128  PZ571183_brackish_NamishNur_2                               50.12%    passed     87.73%
 129  PZ575596_brackish_NamishNur_4                               52.43%    passed     95.44%
 130  PZ567386_fresh_Angara_2                                     50.04%    passed     98.47%
 131  PZ575575_fresh_Maloe_1                                      47.07%    passed     85.74%
 132  PZ575582_freshMaloe_2                                       51.69%    passed     90.70%
 133  PZ576045_fresh_Maloe_3                                      51.85%    passed     92.60%
WARNING: 35 sequences contain more than 50% gaps/ambiguity
****  TOTAL                                                       31.95%  8 sequences failed composition chi2 test (p-value<5%; df=3)
Reading alignment file iqtree_table_salt/EF1a_lacustris_HOU_table_salt.fa.aln.trim ... Fasta format detected
Alignment most likely contains DNA/RNA sequences
Alignment has 39 sequences with 547 columns, 120 distinct patterns
32 parsimony-informative, 24 singleton sites, 491 constant sites
                                    Gap/Ambiguity  Composition  p-value
   1  SLOCHN001_fresh_MOTU1_EUG-1           1.46%    passed     99.90%
   2  SLOCHN249_fresh_MOTU9_TSG-1           0.00%    passed     98.11%
   3  IZCASIA1952_fresh_MOTU14_HIG          0.73%    passed     99.98%
   4  IZCASIA1686_brakish_MOTU16_HIG        0.00%    passed     99.74%
   5  IZCASIA1810_fresh_MOTU18_TSG-2        0.00%    passed     99.96%
   6  IZCASIA1189_fresh_MOTU22_NAG          3.11%    passed     97.89%
   7  IZCASIA1344_fresh_MOTU33_TSG-3        5.30%    passed     98.56%
   8  IZCASIA1356_fresh_MOTU37_EAG          6.95%    passed     94.21%
   9  IZCASIA1196_fresh_MOTU38_EAG          1.10%    passed     99.26%
  10  IZCASIA2924_brackish_MOTU39_EAG       0.37%    passed     99.99%
  11  IZCASIA2924_brackish_MOTU40_EAG       0.37%    passed     99.99%
  12  IZCASIA0696a_brackish_MOTU42_EAG      0.18%    passed     99.81%
  13  IZCASIA1670_brackish_MOTU45_NTG       0.73%    passed     99.25%
  14  IZCASIA0968_salty_MOTU46_NTG          0.00%    passed     98.24%
  15  IZCASIA1671_salty_MOTU47_NTG          0.73%    passed     99.76%
  16  IZCASIA1933_fresh_MOTU51_NTG          0.73%    passed     99.90%
  17  IZCASIA1639_brackish_MOTU53_NTG       0.00%    passed     99.88%
  18  IZCASIA1669_salty_MOTU56_TSG-4        0.00%    passed     99.05%
  19  SLOCHN236_fresh_MOTU61_TSG-4          1.10%    passed     99.48%
  20  IZCASIA2796_salty_MOTU63_STG          0.91%    passed     98.25%
  21  IZCASIA2800_salty_MOTU64_STG          1.10%    passed     98.73%
  22  IZCASIA2802_brackish_MOTU65_STG       1.10%    passed     98.73%
  23  IZCASIA2905_salty_MOTU66_STG          0.73%    passed     99.66%
  24  IZCASIA2794_fresh_MOTU67_STG          1.28%    passed     98.90%
  25  IZCASIA1335_fresh_MOTU74_STG          0.00%    passed     99.53%
  26  IZCASIA1071_fresh_MOTU75_STG          0.73%    passed     97.87%
  27  SLOCHN161_fresh_MOTU84_EUG-2          1.65%    passed     99.29%
  28  SLOCHN168_salty_MOTU85_EUG-2          1.10%    passed     99.87%
  29  SLOCHN170_salty_MOTU86_EUG-2          4.75%    passed     99.63%
  30  SLOCHN235_fresh_MOTU91_EUG-2          0.73%    passed     99.85%
  31  SLOCHN234_fresh_MOTU94_TSG-5          0.91%    passed     98.98%
  32  IZCASIA0693A_fresh_MOTU99_TSG-5       1.83%    passed     98.11%
  33  SLOCHNTAD4_fresh_MOTU100_TSG-5        0.55%    passed     96.63%
  34  IZCASIA1347_salty_MOTU101_TSG-5       0.91%    passed     97.75%
  35  IZCASIA1384_brackish_MOTU103_TSG-5    1.10%    passed     98.07%
  36  IZCASIA1386_brackish_MOTU104_TSG-5    0.73%    passed     98.45%
  37  SLOCHN174_fresh_MOTU109_TSG-5        56.67%    passed     50.22%
  38  SLOCHN198_fresh_MOTU111_TSG-5         1.10%    passed     99.65%
  39  SLOCHNTAD2_fresh_MOTU115_TSG-5        1.10%    passed     99.92%
WARNING: 1 sequences contain more than 50% gaps/ambiguity
****  TOTAL                                 2.61%  0 sequences failed composition chi2 test (p-value<5%; df=3)
Reading alignment file iqtree_table_salt/HSP70_lacustris_HOU_table_salt.fa.aln.trim ... Fasta format detected
Alignment most likely contains DNA/RNA sequences
Alignment has 29 sequences with 420 columns, 74 distinct patterns
15 parsimony-informative, 13 singleton sites, 392 constant sites
                                 Gap/Ambiguity  Composition  p-value
   1  SLOCHN001_fresh_MOTU1_EUG-1        2.86%    passed     99.71%
   2  SLOCHN249_fresh_MOTU9_TSG-1        0.48%    passed     99.92%
   3  IZCASIA1686_brakish_MOTU16_HIG     0.95%    passed     99.93%
   4  SLOCHN101_fresh_MOTU17_TSG-2       0.71%    passed     99.84%
   5  IZCASIA1189_fresh_MOTU22_NAG       0.24%    passed     99.91%
   6  IZCASIA1344_fresh_MOTU33_TSG-3     0.00%    passed     99.78%
   7  IZCASIA1356_fresh_MOTU37_EAG       1.19%    passed    100.00%
   8  IZCASIA1196_fresh_MOTU38_EAG       2.38%    passed     99.63%
   9  IZCASIA2924_brackish_MOTU39_EAG    0.24%    passed     99.91%
  10  IZCASIA2924_brackish_MOTU40_EAG    0.24%    passed     99.91%
  11  IZCASIA1670_brackish_MOTU45_NTG    1.43%    passed     99.97%
  12  IZCASIA0968_salty_MOTU46_NTG       0.00%    passed     99.80%
  13  IZCASIA1671_salty_MOTU47_NTG       0.24%    passed     99.91%
  14  IZCASIA1699_brackish_MOTU48_NTG    0.48%    passed     99.95%
  15  IZCASIA1635_brackish_MOTU52_NTG    1.43%    passed     99.84%
  16  IZCASIA1639_brackish_MOTU53_NTG    0.48%    passed     99.95%
  17  IZCASIA1669_salty_MOTU56_TSG-4     1.19%    passed     99.65%
  18  SLOCHN236_fresh_MOTU61_TSG-4       3.57%    passed     99.91%
  19  IZCASIA2796_salty_MOTU63_STG       3.10%    passed     92.86%
  20  IZCASIA2802_brackish_MOTU65_STG    3.10%    passed     91.58%
  21  IZCASIA2905_salty_MOTU66_STG       0.71%    passed     99.92%
  22  IZCASIA2794_fresh_MOTU67_STG       2.86%    passed     98.93%
  23  IZCASIA1336_fresh_MOTU69_STG       0.71%    passed     98.84%
  24  IZCASIA1109_fresh_MOTU71_STG       0.71%    passed     97.79%
  25  IZCASIA1335_fresh_MOTU74_STG       0.71%    passed     98.75%
  26  IZCASIA1071_fresh_MOTU75_STG       0.48%    passed     95.50%
  27  IZCASIA1072_fresh_MOTU76_STG       0.48%    passed     99.08%
  28  IZCASIA1111_fresh_MOTU77_STG       1.19%    passed     99.34%
  29  IZCASIA0693A_fresh_MOTU99_TSG-5    0.48%    passed     98.50%
****  TOTAL                              1.12%  0 sequences failed composition chi2 test (p-value<5%; df=3)
Reading alignment file iqtree_table_salt/PEPCK_lacustris_HOU_table_salt.fa.aln.trim ... Fasta format detected
Alignment most likely contains DNA/RNA sequences
Alignment has 39 sequences with 559 columns, 120 distinct patterns
37 parsimony-informative, 44 singleton sites, 478 constant sites
                                    Gap/Ambiguity  Composition  p-value
   1  SLOCHN001_fresh_MOTU1_EUG-1           0.00%    passed     99.45%
   2  IZCASIA1686_brakish_MOTU16_HIG        0.00%    passed     99.75%
   3  SLOCHN101_fresh_MOTU17_TSG-2          0.36%    passed     99.78%
   4  IZCASIA1189_fresh_MOTU22_NAG          0.00%    passed     99.79%
   5  IZCASIA1344_fresh_MOTU33_TSG-3        0.18%    passed     99.71%
   6  IZCASIA1356_fresh_MOTU37_EAG          0.18%    passed     99.89%
   7  IZCASIA1196_fresh_MOTU38_EAG          2.50%    passed     99.96%
   8  IZCASIA0696a_brackish_MOTU42_EAG      0.36%    passed     99.66%
   9  IZCASIA1670_brackish_MOTU45_NTG       0.18%    passed     99.89%
  10  IZCASIA0968_salty_MOTU46_NTG          0.00%    passed     99.98%
  11  IZCASIA1671_salty_MOTU47_NTG          0.00%    passed     99.98%
  12  IZCASIA1699_brackish_MOTU48_NTG       0.18%    passed     99.97%
  13  IZCASIA0871_brackish_MOTU50_NTG       0.00%    passed     99.98%
  14  IZCASIA1635_brackish_MOTU52_NTG       0.18%    passed     99.50%
  15  IZCASIA1639_brackish_MOTU53_NTG       0.00%    passed     99.79%
  16  IZCASIA1669_salty_MOTU56_TSG-4        0.00%    passed     99.59%
  17  IZCASIA2796_salty_MOTU63_STG          3.04%    passed     98.72%
  18  IZCASIA2800_salty_MOTU64_STG          4.11%    passed     96.35%
  19  IZCASIA2802_brackish_MOTU65_STG       2.68%    passed     98.94%
  20  IZCASIA2905_salty_MOTU66_STG          0.00%    passed     99.59%
  21  IZCASIA1336_fresh_MOTU69_STG         42.04%    passed     49.59%
  22  IZCASIA1051_fresh_MOTU70_STG          0.18%    passed     99.89%
  23  IZCASIA1109_fresh_MOTU71_STG          0.00%    passed     99.98%
  24  IZCASIA1335_fresh_MOTU74_STG          0.00%    passed     99.98%
  25  IZCASIA1071_fresh_MOTU75_STG          0.00%    passed     99.75%
  26  IZCASIA1072_fresh_MOTU76_STG          0.00%    passed     99.98%
  27  IZCASIA1111_fresh_MOTU77_STG         61.54%    passed     69.98%
  28  IZCASIA1073_fresh_MOTU78_STG          0.00%    passed     99.94%
  29  SLOCHN168_salty_MOTU85_EUG-2          0.00%    passed     99.75%
  30  SLOCHN235_fresh_MOTU91_EUG-2          0.18%    passed     99.09%
  31  SLOCHN234_fresh_MOTU94_TSG-5          0.00%    passed     99.82%
  32  IZCASIA0693A_fresh_MOTU99_TSG-5       0.00%    passed     99.98%
  33  SLOCHNTAD4_fresh_MOTU100_TSG-5        0.18%    passed     99.94%
  34  IZCASIA1347_salty_MOTU101_TSG-5      54.03%    passed     36.49%
  35  IZCASIA1384_brackish_MOTU103_TSG-5    0.00%    passed     95.33%
  36  IZCASIA1386_brackish_MOTU104_TSG-5    0.00%    passed     96.33%
  37  SLOCHN174_fresh_MOTU109_TSG-5         0.00%    passed     98.09%
  38  SLOCHN198_fresh_MOTU111_TSG-5         0.36%    passed     98.22%
  39  SLOCHNTAD2_fresh_MOTU115_TSG-5        0.00%    passed     99.86%
WARNING: 2 sequences contain more than 50% gaps/ambiguity
****  TOTAL                                 4.42%  0 sequences failed composition chi2 test (p-value<5%; df=3)
Reading alignment file iqtree_table_salt/S12_16_lacustris_HOU_table_salt.fa.aln.trim ... Fasta format detected
Alignment most likely contains DNA/RNA sequences
Alignment has 74 sequences with 944 columns, 574 distinct patterns
410 parsimony-informative, 266 singleton sites, 268 constant sites
                                    Gap/Ambiguity  Composition  p-value
   1  SLOCHN001_fresh_MOTU1_EUG-1           0.00%    passed     91.26%
   2  SLOCHN375_salty_MOTU10_TSG-1          0.11%    passed     94.49%
   3  IZCASIA1087_fresh_MOTU11_HIG          0.00%    passed     98.54%
   4  IZCASIA2906_fresh_MOTU12_HIG          0.32%    passed     89.06%
   5  IZCASIA1259_brackish_MOTU13_HIG      59.32%    passed     88.58%
   6  IZCASIA1952_fresh_MOTU14_HIG          0.00%    passed     94.57%
   7  SLOCHN342_salty_MOTU15_HIG            0.00%    passed     99.86%
   8  IZCASIA1686_brakish_MOTU16_HIG        0.00%    passed     95.84%
   9  IZCASIA1810_fresh_MOTU18_TSG-2        0.00%    passed     99.33%
  10  SLOCHN377_fresh_MOTU19_TSG-2          0.00%    passed     98.56%
  11  SLOCHN370_brekish_MOTU20_TSG-2        0.00%    passed     98.12%
  12  IZCASIA1189_fresh_MOTU22_NAG          0.00%    passed     99.85%
  13  IZCASIA1260_salty_MOTU23_NAG         59.32%    passed     82.34%
  14  IZCASIA1389_fresh_MOTU24_NAG          0.00%    passed     98.12%
  15  SLOCHN490_fresh_MOTU25_NAG            0.00%    passed     96.81%
  16  25_fresh_MOTU26_NAG                  59.32%    passed     92.92%
  17  26_brekish_MOTU27_NAG                60.17%    passed     82.34%
  18  27_brekish_MOTU28_NAG                59.32%    passed     94.52%
  19  28_fresh_MOTU30_NAG                  59.85%    passed     88.05%
  20  29_fresh_MOTU31_NAG                  59.43%    passed     87.91%
  21  30_fresh_MOTU32_NAG                  59.32%    passed     92.00%
  22  IZCASIA1344_fresh_MOTU33_TSG-3        0.00%    passed     98.95%
  23  SLOCHN359_fresh_MOTU35_TSG-3          0.00%    passed     99.26%
  24  SLOCHN372_fresh_MOTU36_TSG-3          0.00%    passed     97.38%
  25  IZCASIA1356_fresh_MOTU37_EAG          0.00%    passed     95.46%
  26  IZCASIA1196_fresh_MOTU38_EAG          0.00%    passed     99.06%
  27  IZCASIA2924_brackish_MOTU39_EAG       0.00%    passed     98.00%
  28  IZCASIA2924_brackish_MOTU40_EAG       0.00%    passed     98.00%
  29  IZCASIA1104_brackish_MOTU41_EAG       0.00%    passed     98.74%
  30  IZCASIA0696a_brackish_MOTU42_EAG      0.00%    passed     74.12%
  31  31_fresh_MOTU43_EAG                  51.06%    passed     73.81%
  32  IZCASIA0430_brackish_MOTU44_NTG      23.52%    passed     96.65%
  33  IZCASIA1670_brackish_MOTU45_NTG       0.00%    passed     97.45%
  34  IZCASIA0968_salty_MOTU46_NTG          2.97%    passed     84.20%
  35  IZCASIA1671_salty_MOTU47_NTG          0.00%    passed     94.86%
  36  IZCASIA1699_brackish_MOTU48_NTG       3.28%    passed     83.59%
  37  32_fresh_MOTU49_NTG                  38.24%    passed     59.22%
  38  IZCASIA0871_brackish_MOTU50_NTG       0.00%    passed     98.00%
  39  IZCASIA1933_fresh_MOTU51_NTG          0.00%    passed     96.81%
  40  IZCASIA1635_brackish_MOTU52_NTG       0.00%    passed     99.38%
  41  IZCASIA1639_brackish_MOTU53_NTG       0.00%    passed     94.46%
  42  IZCASIA0436a_fresh_MOTU54_NTG         0.00%    passed     97.05%
  43  IZCASIA0436a_fresh_MOTU55_NTG        19.92%    failed      0.00%
  44  IZCASIA1669_salty_MOTU56_TSG-4        0.11%    passed     80.48%
  45  SLOCHN364_brackish_MOTU58_TSG-4       0.00%    passed     64.34%
  46  SLOCHN368_fresh_MOTU59_TSG-4          0.00%    passed     75.44%
  47  SLOCHN363_fresh_MOTU60_TSG-4          0.00%    passed     63.86%
  48  IZCASIA2796_salty_MOTU63_STG          0.00%    passed     46.70%
  49  IZCASIA2800_salty_MOTU64_STG          0.00%    passed     29.11%
  50  IZCASIA2802_brackish_MOTU65_STG       0.00%    passed     46.70%
  51  IZCASIA2905_salty_MOTU66_STG          0.11%    passed     30.62%
  52  IZCASIA2794_fresh_MOTU67_STG          0.00%    passed     50.00%
  53  IZCASIA1336_fresh_MOTU69_STG          0.00%    passed     48.66%
  54  IZCASIA1051_fresh_MOTU70_STG          0.00%    passed     70.42%
  55  IZCASIA1109_fresh_MOTU71_STG          0.00%    passed     28.16%
  56  IZCASIA0572_fresh_MOTU72_STG          1.38%    passed     26.20%
  57  IZCASIA1335_fresh_MOTU74_STG          0.00%    passed     90.50%
  58  IZCASIA1071_fresh_MOTU75_STG          0.00%    passed     96.41%
  59  IZCASIA1072_fresh_MOTU76_STG          0.00%    passed     92.88%
  60  IZCASIA1111_fresh_MOTU77_STG          0.00%    passed     99.53%
  61  IZCASIA1073_fresh_MOTU78_STG          0.00%    passed     96.38%
  62  SLOCHN442_fresh_MOTU87_EUG-2          0.21%    passed     96.22%
  63  SLOCHN343_fresh_MOTU98_TSG-5          0.00%    passed     33.01%
  64  IZCASIA1347_salty_MOTU101_TSG-5       0.21%    passed     54.10%
  65  IZCASIA1981_fresh_MOTU102_TSG-5       0.21%    passed     78.35%
  66  IZCASIA1384_brackish_MOTU103_TSG-5    0.00%    passed     54.69%
  67  IZCASIA1386_brackish_MOTU104_TSG-5    0.00%    passed     85.02%
  68  SLOCHN371_fresh_MOTU105_TSG-5         0.00%    passed     81.66%
  69  IZCASIA0432_brackish_MOTU106_TSG-5    0.11%    passed     85.44%
  70  SLOCHN360_fresh_MOTU107_TSG-5         0.74%    failed      0.10%
  71  IZCASIA2008_brackish_MOTU112_TSG-5    0.00%    passed     87.80%
  72  IZCASIA1996_fresh_MOTU113_TSG-5       0.32%    passed     54.98%
  73  IZCASIA2010_fresh_MOTU118_TSG-5       0.32%    passed     87.21%
  74  IZCASIA2001_brackish_MOTU119_TSG-5    0.32%    failed      2.35%
WARNING: 9 sequences contain more than 50% gaps/ambiguity
****  TOTAL                                 8.37%  3 sequences failed composition chi2 test (p-value<5%; df=3)
Reading alignment file iqtree_table_salt/S28_lacustris_HOU_table_salt.fa.aln.trim ... Fasta format detected
Alignment most likely contains DNA/RNA sequences
Alignment has 95 sequences with 1240 columns, 188 distinct patterns
93 parsimony-informative, 65 singleton sites, 1082 constant sites
                                    Gap/Ambiguity  Composition  p-value
   1  SLOCHN001_fresh_MOTU1_EUG-1           0.00%    passed     99.89%
   2  SLOCHN473_fresh_MOTU4_EUG-1           0.00%    passed     99.99%
   3  SLOCHN249_fresh_MOTU9_TSG-1           0.00%    passed     99.98%
   4  SLOCHN375_salty_MOTU10_TSG-1          0.00%    passed     99.98%
   5  IZCASIA1087_fresh_MOTU11_HIG          0.00%    passed     99.62%
   6  IZCASIA2906_fresh_MOTU12_HIG          0.00%    passed     99.10%
   7  IZCASIA1259_brackish_MOTU13_HIG       0.00%    passed     99.86%
   8  IZCASIA1952_fresh_MOTU14_HIG          0.00%    passed     99.97%
   9  SLOCHN342_salty_MOTU15_HIG            0.00%    passed     99.89%
  10  IZCASIA1686_brakish_MOTU16_HIG        0.00%    passed     99.86%
  11  SLOCHN101_fresh_MOTU17_TSG-2          0.00%    passed     99.92%
  12  IZCASIA1810_fresh_MOTU18_TSG-2        0.00%    passed     99.89%
  13  SLOCHN377_fresh_MOTU19_TSG-2          0.00%    passed     99.89%
  14  SLOCHN370_brekish_MOTU20_TSG-2        0.00%    passed     99.98%
  15  IZCASIA1189_fresh_MOTU22_NAG          0.00%    passed     99.98%
  16  IZCASIA1260_salty_MOTU23_NAG          0.00%    passed     99.86%
  17  IZCASIA1389_fresh_MOTU24_NAG          0.08%    passed     99.96%
  18  SLOCHN490_fresh_MOTU25_NAG            0.00%    passed     99.98%
  19  1_brekish_MOTU27_NAG                  0.00%    passed     99.98%
  20  2_fresh_MOTU30_NAG                    0.00%    passed     99.98%
  21  IZCASIA1344_fresh_MOTU33_TSG-3        0.00%    passed     99.92%
  22  SLOCHN359_fresh_MOTU35_TSG-3          0.00%    passed     99.92%
  23  SLOCHN372_fresh_MOTU36_TSG-3          0.00%    passed     99.92%
  24  IZCASIA1356_fresh_MOTU37_EAG          0.00%    passed     99.92%
  25  IZCASIA1196_fresh_MOTU38_EAG          0.00%    passed     99.92%
  26  IZCASIA2924_brackish_MOTU39_EAG       0.00%    passed     99.92%
  27  IZCASIA2924_brackish_MOTU40_EAG       0.00%    passed     99.92%
  28  IZCASIA1104_brackish_MOTU41_EAG       0.00%    passed     99.92%
  29  IZCASIA0696a_brackish_MOTU42_EAG      0.08%    passed     99.97%
  30  IZCASIA0430_brackish_MOTU44_NTG       0.00%    passed     99.73%
  31  IZCASIA1670_brackish_MOTU45_NTG       0.00%    passed     99.89%
  32  IZCASIA0968_salty_MOTU46_NTG          0.00%    passed     99.86%
  33  IZCASIA1671_salty_MOTU47_NTG          1.94%    passed     99.58%
  34  IZCASIA1699_brackish_MOTU48_NTG       0.00%    passed     99.86%
  35  IZCASIA0871_brackish_MOTU50_NTG       0.00%    passed     99.86%
  36  IZCASIA1933_fresh_MOTU51_NTG          0.00%    passed     99.97%
  37  IZCASIA1635_brackish_MOTU52_NTG       0.00%    passed     99.92%
  38  IZCASIA1639_brackish_MOTU53_NTG       0.00%    passed     99.98%
  39  IZCASIA0436a_fresh_MOTU54_NTG         0.00%    passed     99.92%
  40  IZCASIA0436a_fresh_MOTU55_NTG         9.52%    passed     95.38%
  41  IZCASIA1669_salty_MOTU56_TSG-4        0.00%    passed     99.89%
  42  IZCASIA0426_fresh_MOTU57_TSG-4        0.00%    passed     98.57%
  43  SLOCHN364_brackish_MOTU58_TSG-4       0.00%    passed     97.74%
  44  SLOCHN368_fresh_MOTU59_TSG-4          0.00%    passed     98.02%
  45  SLOCHN363_fresh_MOTU60_TSG-4          0.00%    passed     98.04%
  46  SLOCHN236_fresh_MOTU61_TSG-4          0.00%    passed     99.98%
  47  IZCASIA2796_salty_MOTU63_STG          0.00%    passed     99.56%
  48  IZCASIA2800_salty_MOTU64_STG          0.00%    passed     99.56%
  49  IZCASIA2802_brackish_MOTU65_STG       0.00%    passed     99.56%
  50  IZCASIA2905_salty_MOTU66_STG          0.56%    passed     98.81%
  51  IZCASIA2794_fresh_MOTU67_STG          0.00%    passed     99.87%
  52  IZCASIA1336_fresh_MOTU69_STG          0.00%    passed     99.71%
  53  IZCASIA1051_fresh_MOTU70_STG          0.08%    passed     99.71%
  54  IZCASIA1109_fresh_MOTU71_STG          0.08%    passed     99.81%
  55  IZCASIA0572_fresh_MOTU72_STG          0.00%    passed     99.85%
  56  IZCASIA1167_fresh_MOTU73_STG         22.18%    passed     93.12%
  57  IZCASIA1335_fresh_MOTU74_STG          0.00%    passed     99.38%
  58  IZCASIA1071_fresh_MOTU75_STG          0.00%    passed     99.99%
  59  IZCASIA1072_fresh_MOTU76_STG          0.00%    passed     99.31%
  60  IZCASIA1111_fresh_MOTU77_STG          0.08%    passed     99.08%
  61  IZCASIA1073_fresh_MOTU78_STG          0.08%    passed     99.08%
  62  SLOCHN345_brackish_MOTU80_STG         0.00%    passed     97.53%
  63  3_fresh_MOTU81_STG                   39.60%    passed     66.51%
  64  SLOCHN075_fresh_MOTU83_EUG-2          0.00%    passed     99.99%
  65  SLOCHN161_fresh_MOTU84_EUG-2          0.08%    passed     99.47%
  66  SLOCHN168_salty_MOTU85_EUG-2          0.00%    passed     97.21%
  67  SLOCHN170_salty_MOTU86_EUG-2          0.00%    passed     99.82%
  68  SLOCHN442_fresh_MOTU87_EUG-2          0.08%    passed     99.28%
  69  SLOCHN351_salty_MOTU90_EUG-2          0.56%    passed    100.00%
  70  SLOCHN235_fresh_MOTU91_EUG-2          0.00%    passed     98.09%
  71  SLOCHN234_fresh_MOTU94_TSG-5          0.00%    passed     98.35%
  72  SLOCHNN2TUM_fresh_MOTU96_TSG-5        0.00%    passed     99.99%
  73  SLOCHN515_fresh_MOTU97_TSG-5          0.00%    passed     99.98%
  74  SLOCHN343_fresh_MOTU98_TSG-5          0.08%    passed     99.12%
  75  IZCASIA0693A_fresh_MOTU99_TSG-5       0.08%    passed     99.51%
  76  SLOCHNTAD4_fresh_MOTU100_TSG-5        0.00%    passed     99.90%
  77  IZCASIA1347_salty_MOTU101_TSG-5       0.00%    passed     99.57%
  78  IZCASIA1981_fresh_MOTU102_TSG-5       0.08%    passed     99.79%
  79  IZCASIA1384_brackish_MOTU103_TSG-5    0.00%    passed     99.71%
  80  IZCASIA1386_brackish_MOTU104_TSG-5    0.00%    passed     99.56%
  81  SLOCHN371_fresh_MOTU105_TSG-5         0.00%    passed     99.86%
  82  IZCASIA0432_brackish_MOTU106_TSG-5    0.00%    passed     99.56%
  83  SLOCHN360_fresh_MOTU107_TSG-5         0.00%    passed     99.86%
  84  SLOCHN257_fresh_MOTU108_TSG-5         0.00%    passed     98.50%
  85  SLOCHN174_fresh_MOTU109_TSG-5         0.00%    passed     99.96%
  86  SLOCHN420_fresh_MOTU110_TSG-5         0.00%    passed     99.99%
  87  SLOCHN198_fresh_MOTU111_TSG-5         0.00%    passed     99.18%
  88  IZCASIA2008_brackish_MOTU112_TSG-5    0.00%    passed     98.70%
  89  IZCASIA1996_fresh_MOTU113_TSG-5       0.00%    passed     98.74%
  90  IZCASIA2018_fresh_MOTU114_TSG-5       0.00%    passed     98.74%
  91  SLOCHNTAD2_fresh_MOTU115_TSG-5        0.00%    passed     98.20%
  92  IZCASIA2011_brackish_MOTU116_TSG-5    0.00%    passed     99.96%
  93  SLOCHN350_fresh_MOTU117_TSG-5         0.32%    passed     99.50%
  94  IZCASIA2010_fresh_MOTU118_TSG-5       0.00%    passed     99.72%
  95  IZCASIA2001_brackish_MOTU119_TSG-5    0.00%    passed     99.98%
****  TOTAL                                 0.80%  0 sequences failed composition chi2 test (p-value<5%; df=3)
Subset	Type	Seqs	Sites	Infor	Invar	Model	Name
1	DNA	35	676	27	599	GTR+I+G	AK_lacustris_HOU_table_salt.fa.aln.trim
2	DNA	52	519	199	291	GTR+I+G	COIII_lacustris_HOU_table_salt.fa.aln.trim
3	DNA	133	1213	587	333	GTR+I+G	COI_lacustris_HOU_table_salt.fa.aln.trim
4	DNA	39	547	32	491	GTR+I+G	EF1a_lacustris_HOU_table_salt.fa.aln.trim
5	DNA	29	420	15	392	GTR+I+G	HSP70_lacustris_HOU_table_salt.fa.aln.trim
6	DNA	39	559	37	478	GTR+I+G	PEPCK_lacustris_HOU_table_salt.fa.aln.trim
7	DNA	74	944	410	268	GTR+I+G	S12_16_lacustris_HOU_table_salt.fa.aln.trim
8	DNA	95	1240	93	1082	SYM+I+G	S28_lacustris_HOU_table_salt.fa.aln.trim
Degree of missing data: 0.494
Info: multi-threading strategy over partitions

NOTE: IZCASIA2924_brackish_MOTU40_EAG is identical to IZCASIA2924_brackish_MOTU39_EAG but kept for subsequent analysis
NOTE: MK887757_fresh_Gammarus_lacustris_voucher_Gla_Lake_14_K14 is identical to MK887756_fresh_Gammarus_lacustris_voucher_Gla_Lake_14_K12 but kept for subsequent analysis
NOTE: 2_fresh_MOTU30_NAG is identical to 1_brekish_MOTU27_NAG but kept for subsequent analysis
NOTE: 6 identical sequences (see below) will be ignored for subsequent analysis
NOTE: MK887758_fresh_Gammarus_lacustris_voucher_Gla_Lake_14_K15 (identical to MK887756_fresh_Gammarus_lacustris_voucher_Gla_Lake_14_K12) is ignored but added at the end
NOTE: MK887759_fresh_Gammarus_lacustris_voucher_Gla_Lake_14_K16 (identical to MK887756_fresh_Gammarus_lacustris_voucher_Gla_Lake_14_K12) is ignored but added at the end
NOTE: MK887760_fresh_Gammarus_lacustris_voucher_Gla_Lake_14_K17 (identical to MK887756_fresh_Gammarus_lacustris_voucher_Gla_Lake_14_K12) is ignored but added at the end
NOTE: MK887761_fresh_Gammarus_lacustris_voucher_Gla_Lake_14_K18 (identical to MK887756_fresh_Gammarus_lacustris_voucher_Gla_Lake_14_K12) is ignored but added at the end
NOTE: MK887763_fresh_Gammarus_lacustris_voucher_Gla_Lake_14_K20 (identical to MK887756_fresh_Gammarus_lacustris_voucher_Gla_Lake_14_K12) is ignored but added at the end
NOTE: MK887764_fresh_Gammarus_lacustris_voucher_Gla_Lake_14_K21 (identical to MK887756_fresh_Gammarus_lacustris_voucher_Gla_Lake_14_K12) is ignored but added at the end
Alignment was printed to example.nex.uniqueseq.phy

For your convenience alignment with unique sequences printed to example.nex.uniqueseq.phy

Create initial parsimony tree by phylogenetic likelihood library (PLL)... 0.048 seconds
Generating 1000 samples for ultrafast bootstrap (seed: 56493)...

NOTE: 34 MB RAM (0 GB) is required!
Estimate model parameters (epsilon = 0.100)
Initial log-likelihood: -52879.845
Current log-likelihood at step 1: -46516.713
WARNING: Too high (saturated) partition rates for proportional partition model!
Current log-likelihood at step 2: -46186.463
WARNING: Too high (saturated) partition rates for proportional partition model!
Current log-likelihood at step 3: -46159.436
WARNING: Too high (saturated) partition rates for proportional partition model!
Current log-likelihood at step 4: -46149.249
WARNING: Too high (saturated) partition rates for proportional partition model!
Current log-likelihood at step 5: -46142.203
WARNING: Too high (saturated) partition rates for proportional partition model!
Current log-likelihood at step 6: -46137.060
WARNING: Too high (saturated) partition rates for proportional partition model!
Current log-likelihood at step 7: -46133.053
WARNING: Too high (saturated) partition rates for proportional partition model!
Current log-likelihood at step 8: -46130.069
WARNING: Too high (saturated) partition rates for proportional partition model!
Current log-likelihood at step 9: -46127.712
WARNING: Too high (saturated) partition rates for proportional partition model!
Current log-likelihood at step 10: -46125.795
WARNING: Too high (saturated) partition rates for proportional partition model!
Current log-likelihood at step 11: -46124.266
WARNING: Too high (saturated) partition rates for proportional partition model!
Current log-likelihood at step 12: -46123.072
WARNING: Too high (saturated) partition rates for proportional partition model!
Current log-likelihood at step 13: -46122.126
WARNING: Too high (saturated) partition rates for proportional partition model!
Current log-likelihood at step 14: -46121.349
WARNING: Too high (saturated) partition rates for proportional partition model!
Current log-likelihood at step 15: -46120.673
WARNING: Too high (saturated) partition rates for proportional partition model!
Current log-likelihood at step 16: -46120.016
WARNING: Too high (saturated) partition rates for proportional partition model!
Current log-likelihood at step 17: -46119.365
WARNING: Too high (saturated) partition rates for proportional partition model!
Current log-likelihood at step 18: -46118.696
WARNING: Too high (saturated) partition rates for proportional partition model!
Current log-likelihood at step 19: -46117.982
WARNING: Too high (saturated) partition rates for proportional partition model!
Current log-likelihood at step 20: -46117.218
WARNING: Too high (saturated) partition rates for proportional partition model!
Current log-likelihood at step 21: -46116.380
WARNING: Too high (saturated) partition rates for proportional partition model!
Current log-likelihood at step 22: -46115.449
WARNING: Too high (saturated) partition rates for proportional partition model!
Current log-likelihood at step 23: -46114.409
WARNING: Too high (saturated) partition rates for proportional partition model!
Current log-likelihood at step 24: -46113.246
WARNING: Too high (saturated) partition rates for proportional partition model!
Current log-likelihood at step 25: -46111.931
WARNING: Too high (saturated) partition rates for proportional partition model!
Current log-likelihood at step 26: -46110.471
WARNING: Too high (saturated) partition rates for proportional partition model!
Current log-likelihood at step 27: -46108.873
WARNING: Too high (saturated) partition rates for proportional partition model!
Current log-likelihood at step 28: -46107.226
WARNING: Too high (saturated) partition rates for proportional partition model!
Current log-likelihood at step 29: -46105.750
WARNING: Too high (saturated) partition rates for proportional partition model!
Current log-likelihood at step 30: -46104.676
WARNING: Too high (saturated) partition rates for proportional partition model!
Current log-likelihood at step 31: -46104.135
WARNING: Too high (saturated) partition rates for proportional partition model!
Current log-likelihood at step 32: -46103.931
WARNING: Too high (saturated) partition rates for proportional partition model!
Current log-likelihood at step 33: -46103.844
Partition-specific rates:  0.095 1.867 2.091 0.090 0.184 0.151 2.335 0.108
Parameters optimization took 32 rounds (8.569 sec)

Computing ML distances based on estimated model parameters... 0.398 sec
WARNING: Some pairwise ML distances are too long (saturated)
Computing BIONJ tree...
0.009 seconds
Log-likelihood of BIONJ tree: -49694.458
--------------------------------------------------------------------
|             INITIALIZING CANDIDATE TREE SET                      |
--------------------------------------------------------------------
Generating 98 parsimony trees... 5.115 second
Computing log-likelihood of 98 initial trees ... 4.969 seconds
Current best score: -46074.088

Do NNI search on 20 best initial trees
Estimate model parameters (epsilon = 0.100)
Initial log-likelihood: -45947.793
WARNING: Too high (saturated) partition rates for proportional partition model!
Current log-likelihood at step 1: -45945.748
WARNING: Too high (saturated) partition rates for proportional partition model!
Current log-likelihood at step 2: -45945.615
WARNING: Too high (saturated) partition rates for proportional partition model!
Current log-likelihood at step 3: -45945.562
Parameters optimization took 2 rounds (0.722 sec)

BETTER TREE FOUND at iteration 1: -45945.562
Estimate model parameters (epsilon = 0.100)
Initial log-likelihood: -45938.363
WARNING: Too high (saturated) partition rates for proportional partition model!
Current log-likelihood at step 1: -45937.866
WARNING: Too high (saturated) partition rates for proportional partition model!
Current log-likelihood at step 2: -45937.807
Parameters optimization took 1 rounds (0.451 sec)

BETTER TREE FOUND at iteration 4: -45937.807
Iteration 10 / LogL: -46038.390 / Time: 0h:0m:51s
Iteration 20 / LogL: -46010.116 / Time: 0h:1m:20s
Finish initializing candidate tree set (20)
Current best tree score: -45937.807 / CPU time: 70.047
Number of iterations: 20
--------------------------------------------------------------------
|               OPTIMIZING CANDIDATE TREE SET                      |
--------------------------------------------------------------------
Estimate model parameters (epsilon = 0.100)
Initial log-likelihood: -45936.830
WARNING: Too high (saturated) partition rates for proportional partition model!
Current log-likelihood at step 1: -45936.386
WARNING: Too high (saturated) partition rates for proportional partition model!
Current log-likelihood at step 2: -45936.337
Parameters optimization took 1 rounds (0.436 sec)

BETTER TREE FOUND at iteration 29: -45936.337
Estimate model parameters (epsilon = 0.100)
Initial log-likelihood: -45935.475
WARNING: Too high (saturated) partition rates for proportional partition model!
Current log-likelihood at step 1: -45934.845
WARNING: Too high (saturated) partition rates for proportional partition model!
Current log-likelihood at step 2: -45934.755
Parameters optimization took 1 rounds (0.486 sec)

BETTER TREE FOUND at iteration 30: -45934.755
Iteration 30 / LogL: -45934.755 / Time: 0h:1m:47s (0h:6m:10s left)
Estimate model parameters (epsilon = 0.100)
Initial log-likelihood: -45924.514
WARNING: Too high (saturated) partition rates for proportional partition model!
Current log-likelihood at step 1: -45924.193
WARNING: Too high (saturated) partition rates for proportional partition model!
Current log-likelihood at step 2: -45924.156
Parameters optimization took 1 rounds (0.392 sec)

BETTER TREE FOUND at iteration 34: -45924.156
Estimate model parameters (epsilon = 0.100)
Initial log-likelihood: -45923.434
WARNING: Too high (saturated) partition rates for proportional partition model!
Current log-likelihood at step 1: -45922.971
WARNING: Too high (saturated) partition rates for proportional partition model!
Current log-likelihood at step 2: -45922.932
Parameters optimization took 1 rounds (0.527 sec)

BETTER TREE FOUND at iteration 39: -45922.932
Estimate model parameters (epsilon = 0.100)
Initial log-likelihood: -45919.653
WARNING: Too high (saturated) partition rates for proportional partition model!
Current log-likelihood at step 1: -45919.531
WARNING: Too high (saturated) partition rates for proportional partition model!
Current log-likelihood at step 2: -45919.506
Parameters optimization took 1 rounds (0.398 sec)

BETTER TREE FOUND at iteration 40: -45919.506
Iteration 40 / LogL: -45919.506 / Time: 0h:2m:18s (0h:5m:54s left)
Estimate model parameters (epsilon = 0.100)
Initial log-likelihood: -45918.496
WARNING: Too high (saturated) partition rates for proportional partition model!
Current log-likelihood at step 1: -45918.392
WARNING: Too high (saturated) partition rates for proportional partition model!
Current log-likelihood at step 2: -45918.369
Parameters optimization took 1 rounds (0.434 sec)

BETTER TREE FOUND at iteration 46: -45918.369
Iteration 50 / LogL: -45920.276 / Time: 0h:2m:51s (0h:5m:35s left)
Log-likelihood cutoff on original alignment: -46008.791
BETTER TREE FOUND at iteration 52: -45918.366
Estimate model parameters (epsilon = 0.100)
Initial log-likelihood: -45917.703
WARNING: Too high (saturated) partition rates for proportional partition model!
Current log-likelihood at step 1: -45917.371
WARNING: Too high (saturated) partition rates for proportional partition model!
Current log-likelihood at step 2: -45917.342
Parameters optimization took 1 rounds (0.466 sec)

BETTER TREE FOUND at iteration 58: -45917.342
Estimate model parameters (epsilon = 0.100)
Initial log-likelihood: -45917.079
WARNING: Too high (saturated) partition rates for proportional partition model!
Current log-likelihood at step 1: -45916.837
WARNING: Too high (saturated) partition rates for proportional partition model!
Current log-likelihood at step 2: -45916.801
Parameters optimization took 1 rounds (0.427 sec)

BETTER TREE FOUND at iteration 59: -45916.801
Iteration 60 / LogL: -45917.701 / Time: 0h:3m:18s (0h:5m:33s left)
Estimate model parameters (epsilon = 0.100)
Initial log-likelihood: -45913.569
WARNING: Too high (saturated) partition rates for proportional partition model!
Current log-likelihood at step 1: -45913.438
WARNING: Too high (saturated) partition rates for proportional partition model!
Current log-likelihood at step 2: -45913.420
Parameters optimization took 1 rounds (0.426 sec)

BETTER TREE FOUND at iteration 65: -45913.420
Iteration 70 / LogL: -45917.077 / Time: 0h:3m:49s (0h:5m:16s left)
Estimate model parameters (epsilon = 0.100)
Initial log-likelihood: -45910.680
WARNING: Too high (saturated) partition rates for proportional partition model!
Current log-likelihood at step 1: -45910.614
Parameters optimization took 0 rounds (0.225 sec)

BETTER TREE FOUND at iteration 73: -45910.614
Estimate model parameters (epsilon = 0.100)
Initial log-likelihood: -45910.194
WARNING: Too high (saturated) partition rates for proportional partition model!
Current log-likelihood at step 1: -45910.114
Parameters optimization took 0 rounds (0.194 sec)

BETTER TREE FOUND at iteration 78: -45910.114
Iteration 80 / LogL: -45978.882 / Time: 0h:4m:15s (0h:5m:16s left)
Estimate model parameters (epsilon = 0.100)
Initial log-likelihood: -45907.339
WARNING: Too high (saturated) partition rates for proportional partition model!
Current log-likelihood at step 1: -45907.164
WARNING: Too high (saturated) partition rates for proportional partition model!
Current log-likelihood at step 2: -45907.150
Parameters optimization took 1 rounds (0.386 sec)

BETTER TREE FOUND at iteration 81: -45907.150
Iteration 90 / LogL: -45912.356 / Time: 0h:4m:45s (0h:4m:52s left)
Estimate model parameters (epsilon = 0.100)
Initial log-likelihood: -45905.114
WARNING: Too high (saturated) partition rates for proportional partition model!
Current log-likelihood at step 1: -45904.951
WARNING: Too high (saturated) partition rates for proportional partition model!
Current log-likelihood at step 2: -45904.924
Parameters optimization took 1 rounds (0.385 sec)

BETTER TREE FOUND at iteration 91: -45904.924
Iteration 100 / LogL: -45907.208 / Time: 0h:5m:16s (0h:4m:50s left)
Log-likelihood cutoff on original alignment: -46006.627
NOTE: Bootstrap correlation coefficient of split occurrence frequencies: 0.868
NOTE: UFBoot does not converge, continue at least 100 more iterations
Estimate model parameters (epsilon = 0.100)
Initial log-likelihood: -45902.060
WARNING: Too high (saturated) partition rates for proportional partition model!
Current log-likelihood at step 1: -45901.869
WARNING: Too high (saturated) partition rates for proportional partition model!
Current log-likelihood at step 2: -45901.857
Parameters optimization took 1 rounds (0.392 sec)

BETTER TREE FOUND at iteration 101: -45901.857
Estimate model parameters (epsilon = 0.100)
Initial log-likelihood: -45901.252
WARNING: Too high (saturated) partition rates for proportional partition model!
Current log-likelihood at step 1: -45901.102
WARNING: Too high (saturated) partition rates for proportional partition model!
Current log-likelihood at step 2: -45901.081
Parameters optimization took 1 rounds (0.388 sec)

BETTER TREE FOUND at iteration 102: -45901.081
Iteration 110 / LogL: -45904.641 / Time: 0h:5m:42s (0h:4m:49s left)
Iteration 120 / LogL: -45904.987 / Time: 0h:6m:10s (0h:4m:15s left)
Estimate model parameters (epsilon = 0.100)
Initial log-likelihood: -45901.005
WARNING: Too high (saturated) partition rates for proportional partition model!
Current log-likelihood at step 1: -45900.963
Parameters optimization took 0 rounds (0.187 sec)

BETTER TREE FOUND at iteration 121: -45900.963
Iteration 130 / LogL: -45901.117 / Time: 0h:6m:38s (0h:4m:41s left)
Estimate model parameters (epsilon = 0.100)
Initial log-likelihood: -45900.314
WARNING: Too high (saturated) partition rates for proportional partition model!
Current log-likelihood at step 1: -45900.265
Parameters optimization took 0 rounds (0.198 sec)

BETTER TREE FOUND at iteration 138: -45900.265
Iteration 140 / LogL: -45901.072 / Time: 0h:7m:3s (0h:4m:58s left)
Iteration 150 / LogL: -45900.971 / Time: 0h:7m:33s (0h:4m:28s left)
Log-likelihood cutoff on original alignment: -46006.627
Iteration 160 / LogL: -45901.089 / Time: 0h:8m:3s (0h:3m:57s left)
Iteration 170 / LogL: -45910.310 / Time: 0h:8m:35s (0h:3m:27s left)
Iteration 180 / LogL: -45904.767 / Time: 0h:9m:8s (0h:2m:57s left)
Iteration 190 / LogL: -45900.304 / Time: 0h:9m:39s (0h:2m:27s left)
Iteration 200 / LogL: -46252.536 / Time: 0h:10m:9s (0h:1m:56s left)
Log-likelihood cutoff on original alignment: -46006.627
NOTE: Bootstrap correlation coefficient of split occurrence frequencies: 0.952
NOTE: UFBoot does not converge, continue at least 100 more iterations
Iteration 210 / LogL: -45910.024 / Time: 0h:10m:40s (0h:4m:35s left)
Iteration 220 / LogL: -45900.286 / Time: 0h:11m:11s (0h:4m:5s left)
Iteration 230 / LogL: -45900.389 / Time: 0h:11m:44s (0h:3m:35s left)
Estimate model parameters (epsilon = 0.100)
Initial log-likelihood: -45899.554
WARNING: Too high (saturated) partition rates for proportional partition model!
Current log-likelihood at step 1: -45899.481
Parameters optimization took 0 rounds (0.242 sec)

BETTER TREE FOUND at iteration 236: -45899.481
Iteration 240 / LogL: -45899.511 / Time: 0h:12m:15s (0h:4m:55s left)
Estimate model parameters (epsilon = 0.100)
Initial log-likelihood: -45899.402
WARNING: Too high (saturated) partition rates for proportional partition model!
Current log-likelihood at step 1: -45899.362
Parameters optimization took 0 rounds (0.224 sec)

BETTER TREE FOUND at iteration 241: -45899.362
Iteration 250 / LogL: -45899.490 / Time: 0h:12m:48s (0h:4m:40s left)
Log-likelihood cutoff on original alignment: -46006.627
Iteration 260 / LogL: -45900.962 / Time: 0h:13m:24s (0h:4m:11s left)
Iteration 270 / LogL: -45905.328 / Time: 0h:13m:58s (0h:3m:41s left)
Iteration 280 / LogL: -45899.457 / Time: 0h:14m:32s (0h:3m:10s left)
Iteration 290 / LogL: -45902.348 / Time: 0h:15m:10s (0h:2m:40s left)
Iteration 300 / LogL: -45900.147 / Time: 0h:15m:41s (0h:2m:9s left)
Log-likelihood cutoff on original alignment: -46006.627
NOTE: Bootstrap correlation coefficient of split occurrence frequencies: 0.979
NOTE: UFBoot does not converge, continue at least 100 more iterations
Estimate model parameters (epsilon = 0.100)
Initial log-likelihood: -45899.317
WARNING: Too high (saturated) partition rates for proportional partition model!
Current log-likelihood at step 1: -45899.281
Parameters optimization took 0 rounds (0.229 sec)

BETTER TREE FOUND at iteration 303: -45899.281
Iteration 310 / LogL: -45901.554 / Time: 0h:16m:17s (0h:4m:54s left)
Iteration 320 / LogL: -45901.645 / Time: 0h:16m:52s (0h:4m:23s left)
Iteration 330 / LogL: -45901.239 / Time: 0h:17m:23s (0h:3m:51s left)
Iteration 340 / LogL: -45908.630 / Time: 0h:17m:54s (0h:3m:19s left)
Estimate model parameters (epsilon = 0.100)
Initial log-likelihood: -45899.247
WARNING: Too high (saturated) partition rates for proportional partition model!
Current log-likelihood at step 1: -45899.212
Parameters optimization took 0 rounds (0.233 sec)

BETTER TREE FOUND at iteration 347: -45899.212
Iteration 350 / LogL: -45904.151 / Time: 0h:18m:25s (0h:5m:7s left)
Log-likelihood cutoff on original alignment: -46006.627
Iteration 360 / LogL: -45990.822 / Time: 0h:19m:0s (0h:4m:36s left)
BETTER TREE FOUND at iteration 367: -45899.204
Iteration 370 / LogL: -45907.966 / Time: 0h:19m:35s (0h:5m:8s left)
Iteration 380 / LogL: -45910.364 / Time: 0h:20m:9s (0h:4m:37s left)
Iteration 390 / LogL: -45899.236 / Time: 0h:20m:45s (0h:4m:6s left)
Estimate model parameters (epsilon = 0.100)
Initial log-likelihood: -45899.184
WARNING: Too high (saturated) partition rates for proportional partition model!
Current log-likelihood at step 1: -45899.144
Parameters optimization took 0 rounds (0.244 sec)

BETTER TREE FOUND at iteration 397: -45899.144
Iteration 400 / LogL: -45901.589 / Time: 0h:21m:17s (0h:5m:10s left)
Log-likelihood cutoff on original alignment: -46006.627
NOTE: Bootstrap correlation coefficient of split occurrence frequencies: 0.975
NOTE: UFBoot does not converge, continue at least 100 more iterations
Iteration 410 / LogL: -45903.045 / Time: 0h:21m:50s (0h:4m:48s left)
Iteration 420 / LogL: -45902.601 / Time: 0h:22m:22s (0h:4m:16s left)
Iteration 430 / LogL: -45939.935 / Time: 0h:22m:53s (0h:3m:44s left)
Iteration 440 / LogL: -45902.270 / Time: 0h:23m:28s (0h:3m:12s left)
BETTER TREE FOUND at iteration 448: -45899.141
Iteration 450 / LogL: -45899.160 / Time: 0h:24m:6s (0h:5m:15s left)
Log-likelihood cutoff on original alignment: -46006.627
Iteration 460 / LogL: -45906.157 / Time: 0h:24m:37s (0h:4m:43s left)
Iteration 470 / LogL: -45906.382 / Time: 0h:25m:11s (0h:4m:11s left)
Iteration 480 / LogL: -45957.821 / Time: 0h:25m:47s (0h:3m:39s left)
Iteration 490 / LogL: -46196.781 / Time: 0h:26m:23s (0h:3m:7s left)
Iteration 500 / LogL: -45905.671 / Time: 0h:26m:56s (0h:2m:35s left)
Log-likelihood cutoff on original alignment: -46006.627
NOTE: Bootstrap correlation coefficient of split occurrence frequencies: 0.977
NOTE: UFBoot does not converge, continue at least 100 more iterations
Iteration 510 / LogL: -46030.557 / Time: 0h:27m:34s (0h:4m:52s left)
Iteration 520 / LogL: -45899.410 / Time: 0h:28m:8s (0h:4m:20s left)
Iteration 530 / LogL: -45983.124 / Time: 0h:28m:44s (0h:3m:48s left)
BETTER TREE FOUND at iteration 538: -45899.141
Iteration 540 / LogL: -45900.022 / Time: 0h:29m:18s (0h:5m:19s left)
Iteration 550 / LogL: -45907.505 / Time: 0h:29m:54s (0h:4m:47s left)
Log-likelihood cutoff on original alignment: -46006.627
Iteration 560 / LogL: -45899.499 / Time: 0h:30m:29s (0h:4m:15s left)
Iteration 570 / LogL: -45960.190 / Time: 0h:31m:3s (0h:3m:42s left)
Iteration 580 / LogL: -45902.827 / Time: 0h:31m:33s (0h:3m:9s left)
Iteration 590 / LogL: -45900.623 / Time: 0h:32m:5s (0h:2m:36s left)
Iteration 600 / LogL: -45906.732 / Time: 0h:32m:39s (0h:2m:4s left)
Log-likelihood cutoff on original alignment: -46006.627
NOTE: Bootstrap correlation coefficient of split occurrence frequencies: 0.984
NOTE: UFBoot does not converge, continue at least 100 more iterations
Iteration 610 / LogL: -45910.652 / Time: 0h:33m:17s (0h:4m:55s left)
Iteration 620 / LogL: -45915.014 / Time: 0h:33m:52s (0h:4m:22s left)
Iteration 630 / LogL: -45903.423 / Time: 0h:34m:27s (0h:3m:50s left)
Iteration 640 / LogL: -45901.471 / Time: 0h:35m:1s (0h:3m:17s left)
Iteration 650 / LogL: -45970.095 / Time: 0h:35m:33s (0h:2m:44s left)
Log-likelihood cutoff on original alignment: -46006.627
Iteration 660 / LogL: -45899.217 / Time: 0h:36m:7s (0h:2m:11s left)
Iteration 670 / LogL: -45905.947 / Time: 0h:36m:42s (0h:1m:38s left)
BETTER TREE FOUND at iteration 677: -45899.135
Iteration 680 / LogL: -45961.258 / Time: 0h:37m:16s (0h:5m:19s left)
Iteration 690 / LogL: -45906.618 / Time: 0h:37m:52s (0h:4m:46s left)
Iteration 700 / LogL: -45900.188 / Time: 0h:38m:28s (0h:4m:14s left)
Log-likelihood cutoff on original alignment: -46006.627
NOTE: Bootstrap correlation coefficient of split occurrence frequencies: 0.988
NOTE: UFBoot does not converge, continue at least 100 more iterations
Iteration 710 / LogL: -45913.730 / Time: 0h:39m:4s (0h:4m:57s left)
Iteration 720 / LogL: -45899.175 / Time: 0h:39m:36s (0h:4m:24s left)
Iteration 730 / LogL: -45899.306 / Time: 0h:40m:11s (0h:3m:51s left)
Iteration 740 / LogL: -45909.776 / Time: 0h:40m:47s (0h:3m:18s left)
Iteration 750 / LogL: -45918.413 / Time: 0h:41m:25s (0h:2m:45s left)
Log-likelihood cutoff on original alignment: -46006.627
Iteration 760 / LogL: -45900.916 / Time: 0h:41m:57s (0h:2m:12s left)
Iteration 770 / LogL: -45907.308 / Time: 0h:42m:31s (0h:1m:39s left)
Iteration 780 / LogL: -45899.525 / Time: 0h:43m:9s (0h:1m:6s left)
Iteration 790 / LogL: -45899.288 / Time: 0h:43m:42s (0h:0m:33s left)
Iteration 800 / LogL: -45900.511 / Time: 0h:44m:15s (0h:0m:0s left)
Log-likelihood cutoff on original alignment: -46006.627
NOTE: Bootstrap correlation coefficient of split occurrence frequencies: 0.991
TREE SEARCH COMPLETED AFTER 800 ITERATIONS / Time: 0h:44m:16s

--------------------------------------------------------------------
|                    FINALIZING TREE SEARCH                        |
--------------------------------------------------------------------
Performs final model parameters optimization
Estimate model parameters (epsilon = 0.010)
Initial log-likelihood: -45899.135
WARNING: Too high (saturated) partition rates for proportional partition model!
Current log-likelihood at step 1: -45899.101
WARNING: Too high (saturated) partition rates for proportional partition model!
Current log-likelihood at step 2: -45899.090
WARNING: Too high (saturated) partition rates for proportional partition model!
Current log-likelihood at step 3: -45899.085
Partition-specific rates:  0.098 1.954 2.030 0.087 0.188 0.160 2.361 0.105
Parameters optimization took 2 rounds (0.732 sec)

Partition information was printed to example.nex.best_model.nex
BEST SCORE FOUND : -45899.085
Creating bootstrap support values...
Split supports printed to NEXUS file example.nex.splits.nex
Total tree length: 20.017

Total number of iterations: 800
CPU time used for tree search: 2535.967 sec (0h:42m:15s)
Wall-clock time used for tree search: 2645.858 sec (0h:44m:5s)
Total CPU time used: 2547.097 sec (0h:42m:27s)
Total wall-clock time used: 2657.186 sec (0h:44m:17s)

Computing bootstrap consensus tree...
Reading input file example.nex.splits.nex...
141 taxa and 2333 splits.
Consensus tree written to example.nex.contree
Reading input trees file example.nex.contree
Log-likelihood of consensus tree: -45899.257

Analysis results written to: 
  IQ-TREE report:                example.nex.iqtree
  Maximum-likelihood tree:       example.nex.treefile
  Likelihood distances:          example.nex.mldist

Ultrafast bootstrap approximation results written to:
  Split support values:          example.nex.splits.nex
  Consensus tree:                example.nex.contree
  Screen log file:               example.nex.log

Date and Time: Fri Sep 11 17:47:52 2026
