IQ-TREE multicore version 2.0.7 for Linux 64-bit built Jan 21 2022
Developed by Bui Quang Minh, Nguyen Lam Tung, Olga Chernomor,
Heiko Schmidt, Dominik Schrempf, Michael Woodhams.

Host:    andrei-IdeaPad-3-15IIL05 (AVX512, FMA3, 7 GB RAM)
Command: iqtree2 -p trimforiqtree/ -p example.nex -B 1000
Seed:    271699 (Using SPRNG - Scalable Parallel Random Number Generator)
Time:    Mon Dec  8 14:47:18 2025
Kernel:  AVX+FMA - 1 threads (8 CPU cores detected)

HINT: Use -nt option to specify number of threads because your CPU has 8 cores!
HINT: -nt AUTO will automatically determine the best number of threads to use.

Reading partition model file example.nex ...

Loading 8 partitions...
Reading alignment file iqtree_table_salt/AK_lacustris_HOU_table_salt.fa.aln.trim ... Fasta format detected
Alignment most likely contains DNA/RNA sequences
Alignment has 35 sequences with 676 columns, 159 distinct patterns
27 parsimony-informative, 50 singleton sites, 599 constant sites
                                    Gap/Ambiguity  Composition  p-value
   1  SLOCHN001_fresh_MOTU1_EUG-1           2.22%    passed     98.05%
   2  IZCASIA1686_brakish_MOTU16_HIG        0.44%    passed     99.96%
   3  SLOCHN101_fresh_MOTU17_TSG-2          0.74%    passed     98.99%
   4  IZCASIA1196_fresh_MOTU38_EAG          0.44%    passed     99.96%
   5  IZCASIA0696a_brackish_MOTU42_EAG      1.04%    passed     99.99%
   6  IZCASIA1670_brackish_MOTU45_NTG       0.30%    passed     99.87%
   7  IZCASIA0968_salty_MOTU46_NTG         67.60%    passed     93.56%
   8  IZCASIA1671_salty_MOTU47_NTG          0.15%    passed     99.81%
   9  IZCASIA1699_brackish_MOTU48_NTG       1.18%    passed     99.53%
  10  IZCASIA0871_brackish_MOTU50_NTG      68.05%    passed     97.86%
  11  IZCASIA1639_brackish_MOTU53_NTG       1.18%    passed     99.92%
  12  IZCASIA1669_salty_MOTU56_TSG-4        1.04%    passed     99.63%
  13  IZCASIA2796_salty_MOTU63_STG          1.04%    passed    100.00%
  14  IZCASIA2800_salty_MOTU64_STG          0.89%    passed     99.98%
  15  IZCASIA2802_brackish_MOTU65_STG       0.74%    passed     99.98%
  16  IZCASIA2905_salty_MOTU66_STG          0.30%    passed     99.96%
  17  IZCASIA2794_fresh_MOTU67_STG          1.78%    passed     99.78%
  18  IZCASIA1336_fresh_MOTU69_STG          0.59%    passed     99.94%
  19  IZCASIA1051_fresh_MOTU70_STG          1.92%    passed     98.00%
  20  IZCASIA1109_fresh_MOTU71_STG         44.08%    passed     95.03%
  21  IZCASIA1335_fresh_MOTU74_STG          2.07%    passed     99.54%
  22  IZCASIA1071_fresh_MOTU75_STG          0.44%    passed     99.78%
  23  IZCASIA1072_fresh_MOTU76_STG          0.15%    passed     99.99%
  24  IZCASIA1073_fresh_MOTU78_STG          0.74%    passed     99.98%
  25  SLOCHN168_salty_MOTU85_EUG-2          0.59%    passed     99.98%
  26  SLOCHN235_fresh_MOTU91_EUG-2          3.25%    passed     99.94%
  27  SLOCHN234_fresh_MOTU94_TSG-5          0.74%    passed     98.63%
  28  IZCASIA0693A_fresh_MOTU99_TSG-5      62.57%    passed     98.51%
  29  SLOCHNTAD4_fresh_MOTU100_TSG-5        0.30%    passed     99.65%
  30  IZCASIA1347_salty_MOTU101_TSG-5       0.00%    passed     97.96%
  31  IZCASIA1384_brackish_MOTU103_TSG-5    0.00%    passed     97.93%
  32  IZCASIA1386_brackish_MOTU104_TSG-5    1.92%    passed     96.66%
  33  SLOCHN174_fresh_MOTU109_TSG-5         0.00%    passed     99.67%
  34  SLOCHN198_fresh_MOTU111_TSG-5         0.15%    passed     99.72%
  35  SLOCHNTAD2_fresh_MOTU115_TSG-5        0.00%    passed     98.82%
WARNING: 3 sequences contain more than 50% gaps/ambiguity
****  TOTAL                                 7.68%  0 sequences failed composition chi2 test (p-value<5%; df=3)
Reading alignment file iqtree_table_salt/COIII_lacustris_HOU_table_salt.fa.aln.trim ... Fasta format detected
Alignment most likely contains DNA/RNA sequences
Alignment has 52 sequences with 519 columns, 244 distinct patterns
199 parsimony-informative, 29 singleton sites, 291 constant sites
                                    Gap/Ambiguity  Composition  p-value
   1  SLOCHN473_fresh_MOTU4_EUG-1           0.00%    passed     97.42%
   2  SLOCHN375_salty_MOTU10_TSG-1          0.00%    passed     86.63%
   3  IZCASIA1087_fresh_MOTU11_HIG          0.00%    passed     99.98%
   4  IZCASIA2906_fresh_MOTU12_HIG          0.00%    passed     99.43%
   5  IZCASIA1952_fresh_MOTU14_HIG          0.00%    passed     98.44%
   6  SLOCHN342_salty_MOTU15_HIG            0.00%    passed     99.46%
   7  IZCASIA1686_brakish_MOTU16_HIG        0.00%    passed     90.63%
   8  IZCASIA1810_fresh_MOTU18_TSG-2       15.80%    passed     97.13%
   9  IZCASIA1189_fresh_MOTU22_NAG          0.00%    passed     99.28%
  10  IZCASIA1344_fresh_MOTU33_TSG-3        0.00%    passed     99.97%
  11  SLOCHN372_fresh_MOTU36_TSG-3          0.00%    passed     99.39%
  12  IZCASIA1356_fresh_MOTU37_EAG          0.00%    passed     96.86%
  13  IZCASIA1196_fresh_MOTU38_EAG          0.00%    passed     97.62%
  14  IZCASIA2924_brackish_MOTU39_EAG       0.00%    passed     98.69%
  15  IZCASIA2924_brackish_MOTU40_EAG       0.00%    passed     98.69%
  16  IZCASIA0696a_brackish_MOTU42_EAG      0.00%    passed     99.81%
  17  IZCASIA0430_brackish_MOTU44_NTG       0.00%    passed     99.60%
  18  IZCASIA1670_brackish_MOTU45_NTG       0.00%    passed     99.77%
  19  IZCASIA0968_salty_MOTU46_NTG          0.00%    passed     99.91%
  20  IZCASIA1671_salty_MOTU47_NTG          0.00%    passed    100.00%
  21  IZCASIA1699_brackish_MOTU48_NTG       0.00%    passed    100.00%
  22  IZCASIA0871_brackish_MOTU50_NTG       0.00%    passed     99.40%
  23  IZCASIA1933_fresh_MOTU51_NTG          0.00%    passed    100.00%
  24  IZCASIA1635_brackish_MOTU52_NTG       0.00%    passed     99.21%
  25  IZCASIA1639_brackish_MOTU53_NTG       0.00%    passed     92.43%
  26  IZCASIA0436a_fresh_MOTU54_NTG         0.00%    passed     99.45%
  27  IZCASIA1669_salty_MOTU56_TSG-4        0.00%    passed     99.56%
  28  SLOCHN363_fresh_MOTU60_TSG-4          0.00%    passed     99.56%
  29  IZCASIA2796_salty_MOTU63_STG          0.00%    passed     94.90%
  30  IZCASIA2800_salty_MOTU64_STG          0.00%    passed     95.23%
  31  IZCASIA2802_brackish_MOTU65_STG       0.00%    passed     86.52%
  32  IZCASIA2905_salty_MOTU66_STG          0.00%    passed     86.31%
  33  IZCASIA2794_fresh_MOTU67_STG          0.00%    passed     70.89%
  34  IZCASIA1336_fresh_MOTU69_STG          0.00%    passed     83.11%
  35  IZCASIA1051_fresh_MOTU70_STG          0.00%    passed     92.65%
  36  IZCASIA1109_fresh_MOTU71_STG          0.00%    passed     98.19%
  37  IZCASIA1335_fresh_MOTU74_STG          0.00%    passed     98.29%
  38  IZCASIA1071_fresh_MOTU75_STG          0.00%    passed     99.86%
  39  IZCASIA1072_fresh_MOTU76_STG          0.00%    passed     93.43%
  40  IZCASIA1111_fresh_MOTU77_STG          0.00%    passed     83.53%
  41  IZCASIA1073_fresh_MOTU78_STG          0.00%    passed     62.54%
  42  IZCASIA0693A_fresh_MOTU99_TSG-5       0.00%    passed     64.10%
  43  IZCASIA1347_salty_MOTU101_TSG-5       0.00%    passed     52.36%
  44  IZCASIA1981_fresh_MOTU102_TSG-5       0.00%    passed     51.11%
  45  IZCASIA1384_brackish_MOTU103_TSG-5    0.00%    passed     51.66%
  46  IZCASIA1386_brackish_MOTU104_TSG-5    0.00%    passed     29.78%
  47  SLOCHN371_fresh_MOTU105_TSG-5         0.00%    passed     76.48%
  48  SLOCHN360_fresh_MOTU107_TSG-5         0.00%    passed     99.67%
  49  IZCASIA1996_fresh_MOTU113_TSG-5       1.54%    passed     98.60%
  50  IZCASIA2011_brackish_MOTU116_TSG-5    0.00%    passed     44.57%
  51  IZCASIA2010_fresh_MOTU118_TSG-5      26.59%    passed     81.19%
  52  IZCASIA2001_brackish_MOTU119_TSG-5   36.99%    passed      8.67%
****  TOTAL                                 1.56%  0 sequences failed composition chi2 test (p-value<5%; df=3)
Reading alignment file iqtree_table_salt/COI_lacustris_HOU_table_salt.fa.aln.trim ... Fasta format detected
Alignment most likely contains DNA/RNA sequences
Alignment has 134 sequences with 1213 columns, 847 distinct patterns
598 parsimony-informative, 310 singleton sites, 305 constant sites
                                                           Gap/Ambiguity  Composition  p-value
   1  SLOCHN001_fresh_MOTU1_EUG-1                                  0.74%    passed     68.92%
   2  4_fresh_MOTU2_EUG-1                                         50.54%    passed     98.87%
   3  5_fresh_MOTU3_EUG-1                                         52.27%    passed     96.62%
   4  SLOCHN473_fresh_MOTU4_EUG-1                                  0.74%    passed     76.04%
   5  6_fresh_MOTU5_EUG-1                                         48.39%    passed     95.66%
   6  7_fresh_MOTU6_EUG-1                                         56.97%    passed     76.23%
   7  8_fresh_MOTU7_EUG-1                                         52.27%    passed     98.57%
   8  9_fresh_MOTU8_EUG-1                                         51.77%    passed     98.03%
   9  SLOCHN249_fresh_MOTU9_TSG-1                                 21.02%    failed      0.00%
  10  SLOCHN375_salty_MOTU10_TSG-1                                 0.74%    passed     98.60%
  11  IZCASIA1087_fresh_MOTU11_HIG                                 0.74%    passed     88.36%
  12  IZCASIA2906_fresh_MOTU12_HIG                                 0.74%    passed     92.74%
  13  IZCASIA1259_brackish_MOTU13_HIG                             24.81%    passed     83.92%
  14  IZCASIA1952_fresh_MOTU14_HIG                                 0.74%    passed     94.96%
  15  SLOCHN342_salty_MOTU15_HIG                                   0.74%    passed     98.82%
  16  IZCASIA1686_brakish_MOTU16_HIG                               0.74%    passed     97.81%
  17  SLOCHN101_fresh_MOTU17_TSG-2                                46.99%    passed     91.47%
  18  IZCASIA1810_fresh_MOTU18_TSG-2                               0.74%    passed     99.30%
  19  SLOCHN377_fresh_MOTU19_TSG-2                                 0.74%    passed     97.23%
  20  SLOCHN370_brekish_MOTU20_TSG-2                               0.74%    passed     99.27%
  21  10_fresh_MOTU21_TSG-2                                       48.39%    passed     95.62%
  22  IZCASIA1189_fresh_MOTU22_NAG                                 0.74%    passed     99.62%
  23  IZCASIA1260_salty_MOTU23_NAG                                18.96%    passed     96.77%
  24  IZCASIA1389_fresh_MOTU24_NAG                                 0.74%    passed     99.69%
  25  SLOCHN490_fresh_MOTU25_NAG                                   0.74%    passed     96.91%
  26  11_fresh_MOTU26_NAG                                         55.65%    passed     90.93%
  27  12_brekish_MOTU27_NAG                                       49.79%    passed     99.32%
  28  13_brekish_MOTU28_NAG                                       49.79%    passed     99.27%
  29  14_fresh_MOTU30_NAG                                         49.79%    passed     98.04%
  30  15_fresh_MOTU31_NAG                                         49.79%    passed     99.08%
  31  16_fresh_MOTU32_NAG                                         49.79%    passed     99.74%
  32  IZCASIA1344_fresh_MOTU33_TSG-3                               0.74%    passed     98.00%
  33  17_fresh_MOTU34_TSG-3                                       51.44%    passed     90.53%
  34  SLOCHN359_fresh_MOTU35_TSG-3                                 0.74%    passed     93.39%
  35  SLOCHN372_fresh_MOTU36_TSG-3                                 0.74%    passed     96.73%
  36  IZCASIA1356_fresh_MOTU37_EAG                                 0.74%    passed     93.21%
  37  IZCASIA1196_fresh_MOTU38_EAG                                 0.74%    passed     99.55%
  38  IZCASIA2924_brackish_MOTU39_EAG                              0.74%    passed     96.82%
  39  IZCASIA2924_brackish_MOTU40_EAG                              0.74%    passed     96.82%
  40  IZCASIA1104_brackish_MOTU41_EAG                             67.60%    passed     83.34%
  41  IZCASIA0696a_brackish_MOTU42_EAG                             0.74%    passed     92.97%
  42  18_fresh_MOTU43_EAG                                         67.60%    passed     89.64%
  43  IZCASIA0430_brackish_MOTU44_NTG                              0.74%    passed     96.91%
  44  IZCASIA1670_brackish_MOTU45_NTG                              0.74%    passed     93.71%
  45  IZCASIA0968_salty_MOTU46_NTG                                 0.74%    passed     97.77%
  46  IZCASIA1671_salty_MOTU47_NTG                                 0.74%    passed     99.00%
  47  IZCASIA1699_brackish_MOTU48_NTG                              0.74%    passed     96.81%
  48  19_fresh_MOTU49_NTG                                         49.88%    passed     97.68%
  49  IZCASIA0871_brackish_MOTU50_NTG                              0.74%    passed     98.81%
  50  IZCASIA1933_fresh_MOTU51_NTG                                 0.74%    passed     99.10%
  51  IZCASIA1635_brackish_MOTU52_NTG                              0.74%    passed     98.33%
  52  IZCASIA1639_brackish_MOTU53_NTG                              0.99%    passed     91.11%
  53  IZCASIA0436a_fresh_MOTU54_NTG                                0.74%    passed     94.33%
  54  IZCASIA0436a_fresh_MOTU55_NTG                               50.37%    passed     90.01%
  55  IZCASIA1669_salty_MOTU56_TSG-4                               0.74%    passed     99.12%
  56  IZCASIA0426_fresh_MOTU57_TSG-4                              48.39%    passed     73.12%
  57  SLOCHN364_brackish_MOTU58_TSG-4                             20.45%    passed     67.56%
  58  SLOCHN368_fresh_MOTU59_TSG-4                                20.45%    passed     79.08%
  59  SLOCHN363_fresh_MOTU60_TSG-4                                20.86%    passed     74.02%
  60  SLOCHN236_fresh_MOTU61_TSG-4                                48.89%    passed      5.40%
  61  IZCASIA2796_salty_MOTU63_STG                                22.09%    passed     65.78%
  62  IZCASIA2800_salty_MOTU64_STG                                22.09%    passed     72.07%
  63  IZCASIA2802_brackish_MOTU65_STG                              0.74%    passed     93.01%
  64  IZCASIA2905_salty_MOTU66_STG                                 0.74%    passed     73.29%
  65  IZCASIA2794_fresh_MOTU67_STG                                22.09%    passed     81.09%
  66  IZCASIA1336_fresh_MOTU69_STG                                 0.74%    passed     97.08%
  67  IZCASIA1051_fresh_MOTU70_STG                                 0.74%    passed     84.81%
  68  IZCASIA1109_fresh_MOTU71_STG                                 0.74%    passed     65.27%
  69  IZCASIA1335_fresh_MOTU74_STG                                48.39%    passed     91.71%
  70  IZCASIA1071_fresh_MOTU75_STG                                50.62%    passed     76.40%
  71  IZCASIA1072_fresh_MOTU76_STG                                48.23%    passed     95.89%
  72  IZCASIA1111_fresh_MOTU77_STG                                 0.74%    passed     52.89%
  73  IZCASIA1073_fresh_MOTU78_STG                                 0.74%    passed     72.82%
  74  SLOCHN345_brackish_MOTU80_STG                               47.57%    passed     89.56%
  75  20_fresh_MOTU81_STG                                         67.68%    failed      0.00%
  76  SLOCHN075_fresh_MOTU83_EUG-2                                49.79%    passed     56.57%
  77  SLOCHN161_fresh_MOTU84_EUG-2                                48.89%    passed     57.72%
  78  SLOCHN168_salty_MOTU85_EUG-2                                46.99%    passed     88.44%
  79  SLOCHN170_salty_MOTU86_EUG-2                                62.90%    passed     89.70%
  80  SLOCHN442_fresh_MOTU87_EUG-2                                47.57%    passed     94.58%
  81  SLOCHN351_salty_MOTU90_EUG-2                                66.20%    passed      9.58%
  82  SLOCHN235_fresh_MOTU91_EUG-2                                47.16%    passed     43.41%
  83  21_fresh_MOTU92_EUG-2                                       67.68%    failed      0.00%
  84  22_fresh_MOTU93_EUG-2                                       67.68%    failed      0.00%
  85  SLOCHN234_fresh_MOTU94_TSG-5                                46.99%    passed     27.11%
  86  23_fresh_MOTU95_TSG-5                                       67.68%    failed      0.00%
  87  SLOCHNN2TUM_fresh_MOTU96_TSG-5                              47.57%    passed     61.64%
  88  SLOCHN515_fresh_MOTU97_TSG-5                                63.15%    passed     86.34%
  89  SLOCHN343_fresh_MOTU98_TSG-5                                67.27%    passed     93.88%
  90  IZCASIA0693A_fresh_MOTU99_TSG-5                              0.74%    passed     20.71%
  91  SLOCHNTAD4_fresh_MOTU100_TSG-5                              46.99%    passed     40.83%
  92  IZCASIA1347_salty_MOTU101_TSG-5                              0.74%    passed     26.69%
  93  IZCASIA1981_fresh_MOTU102_TSG-5                             20.45%    passed     66.00%
  94  IZCASIA1384_brackish_MOTU103_TSG-5                          18.96%    passed     58.98%
  95  IZCASIA1386_brackish_MOTU104_TSG-5                          18.96%    passed     74.09%
  96  SLOCHN371_fresh_MOTU105_TSG-5                               20.69%    passed     48.65%
  97  IZCASIA0432_brackish_MOTU106_TSG-5                          74.69%    passed     72.74%
  98  SLOCHN360_fresh_MOTU107_TSG-5                               76.09%    passed      6.49%
  99  SLOCHN257_fresh_MOTU108_TSG-5                               66.28%    passed     29.57%
 100  SLOCHN174_fresh_MOTU109_TSG-5                               46.99%    passed     85.26%
 101  SLOCHN420_fresh_MOTU110_TSG-5                               47.57%    passed     96.90%
 102  SLOCHN198_fresh_MOTU111_TSG-5                               65.54%    passed      5.81%
 103  IZCASIA2008_brackish_MOTU112_TSG-5                          20.45%    passed     51.85%
 104  IZCASIA1996_fresh_MOTU113_TSG-5                             20.45%    passed     62.66%
 105  IZCASIA2018_fresh_MOTU114_TSG-5                             20.45%    passed     87.95%
 106  SLOCHNTAD2_fresh_MOTU115_TSG-5                              66.03%    passed     88.08%
 107  IZCASIA2011_brackish_MOTU116_TSG-5                          20.45%    passed     60.97%
 108  IZCASIA2010_fresh_MOTU118_TSG-5                             20.45%    passed     33.22%
 109  IZCASIA2001_brackish_MOTU119_TSG-5                          68.18%    failed      0.01%
 110  NuhuNur_brackish_Gammarus_lacustris_COI                     53.34%    passed     97.37%
 111  Kirenga_fresh_Gammarus_lacustris_COI                        54.25%    passed     97.31%
 112  Bormashovoe_salty_Gammarus_lacustris_COI                    53.34%    passed     92.71%
 113  NamishNur_brackish_Gammarus_lacustris_COI                   48.56%    passed     95.04%
 114  MK887756_fresh_Gammarus_lacustris_voucher_Gla_Lake_14_K12   46.41%    passed     98.18%
 115  MK887757_fresh_Gammarus_lacustris_voucher_Gla_Lake_14_K14   46.41%    passed     98.18%
 116  MK887758_fresh_Gammarus_lacustris_voucher_Gla_Lake_14_K15   46.41%    passed     98.18%
 117  MK887759_fresh_Gammarus_lacustris_voucher_Gla_Lake_14_K16   46.41%    passed     98.18%
 118  MK887760_fresh_Gammarus_lacustris_voucher_Gla_Lake_14_K17   46.41%    passed     98.18%
 119  MK887761_fresh_Gammarus_lacustris_voucher_Gla_Lake_14_K18   46.41%    passed     98.18%
 120  MK887762_fresh_Gammarus_lacustris_voucher_Gla_Lake_14_K19   46.41%    passed     99.20%
 121  MK887763_fresh_Gammarus_lacustris_voucher_Gla_Lake_14_K20   46.41%    passed     98.18%
 122  MK887764_fresh_Gammarus_lacustris_voucher_Gla_Lake_14_K21   46.41%    passed     98.18%
 123  Angara_1_consensus                                          47.90%    failed      0.51%
 124  Angara_2_consensus                                          50.12%    passed     99.01%
 125  Maloe_1_consensus                                           51.44%    passed     89.71%
 126  Maloe_2_consensus                                           53.01%    passed     90.36%
 127  Maloe_3                                                     54.16%    passed     86.69%
 128  NuhuNur_1_consensus                                         47.73%    passed     96.60%
 129  NuhuNur_2                                                   56.06%    passed     96.78%
 130  NuhuNur_3                                                   47.98%    passed     95.54%
 131  NamishNur_1                                                 48.39%    passed     94.47%
 132  NamishNur_2                                                 57.13%    passed     99.86%
 133  NamishNur_3                                                 55.73%    passed     99.97%
 134  NamishNur_4                                                 50.29%    passed     92.95%
WARNING: 36 sequences contain more than 50% gaps/ambiguity
****  TOTAL                                                       32.59%  7 sequences failed composition chi2 test (p-value<5%; df=3)
Reading alignment file iqtree_table_salt/EF1a_lacustris_HOU_table_salt.fa.aln.trim ... Fasta format detected
Alignment most likely contains DNA/RNA sequences
Alignment has 39 sequences with 547 columns, 120 distinct patterns
32 parsimony-informative, 24 singleton sites, 491 constant sites
                                    Gap/Ambiguity  Composition  p-value
   1  SLOCHN001_fresh_MOTU1_EUG-1           1.46%    passed     99.90%
   2  SLOCHN249_fresh_MOTU9_TSG-1           0.00%    passed     98.11%
   3  IZCASIA1952_fresh_MOTU14_HIG          0.73%    passed     99.98%
   4  IZCASIA1686_brakish_MOTU16_HIG        0.00%    passed     99.74%
   5  IZCASIA1810_fresh_MOTU18_TSG-2        0.00%    passed     99.96%
   6  IZCASIA1189_fresh_MOTU22_NAG          3.11%    passed     97.89%
   7  IZCASIA1344_fresh_MOTU33_TSG-3        5.30%    passed     98.56%
   8  IZCASIA1356_fresh_MOTU37_EAG          6.95%    passed     94.21%
   9  IZCASIA1196_fresh_MOTU38_EAG          1.10%    passed     99.26%
  10  IZCASIA2924_brackish_MOTU39_EAG       0.37%    passed     99.99%
  11  IZCASIA2924_brackish_MOTU40_EAG       0.37%    passed     99.99%
  12  IZCASIA0696a_brackish_MOTU42_EAG      0.18%    passed     99.81%
  13  IZCASIA1670_brackish_MOTU45_NTG       0.73%    passed     99.25%
  14  IZCASIA0968_salty_MOTU46_NTG          0.00%    passed     98.24%
  15  IZCASIA1671_salty_MOTU47_NTG          0.73%    passed     99.76%
  16  IZCASIA1933_fresh_MOTU51_NTG          0.73%    passed     99.90%
  17  IZCASIA1639_brackish_MOTU53_NTG       0.00%    passed     99.88%
  18  IZCASIA1669_salty_MOTU56_TSG-4        0.00%    passed     99.05%
  19  SLOCHN236_fresh_MOTU61_TSG-4          1.10%    passed     99.48%
  20  IZCASIA2796_salty_MOTU63_STG          0.91%    passed     98.25%
  21  IZCASIA2800_salty_MOTU64_STG          1.10%    passed     98.73%
  22  IZCASIA2802_brackish_MOTU65_STG       1.10%    passed     98.73%
  23  IZCASIA2905_salty_MOTU66_STG          0.73%    passed     99.66%
  24  IZCASIA2794_fresh_MOTU67_STG          1.28%    passed     98.90%
  25  IZCASIA1335_fresh_MOTU74_STG          0.00%    passed     99.53%
  26  IZCASIA1071_fresh_MOTU75_STG          0.73%    passed     97.87%
  27  SLOCHN161_fresh_MOTU84_EUG-2          1.65%    passed     99.29%
  28  SLOCHN168_salty_MOTU85_EUG-2          1.10%    passed     99.87%
  29  SLOCHN170_salty_MOTU86_EUG-2          4.75%    passed     99.63%
  30  SLOCHN235_fresh_MOTU91_EUG-2          0.73%    passed     99.85%
  31  SLOCHN234_fresh_MOTU94_TSG-5          0.91%    passed     98.98%
  32  IZCASIA0693A_fresh_MOTU99_TSG-5       1.83%    passed     98.11%
  33  SLOCHNTAD4_fresh_MOTU100_TSG-5        0.55%    passed     96.63%
  34  IZCASIA1347_salty_MOTU101_TSG-5       0.91%    passed     97.75%
  35  IZCASIA1384_brackish_MOTU103_TSG-5    1.10%    passed     98.07%
  36  IZCASIA1386_brackish_MOTU104_TSG-5    0.73%    passed     98.45%
  37  SLOCHN174_fresh_MOTU109_TSG-5        56.67%    passed     50.22%
  38  SLOCHN198_fresh_MOTU111_TSG-5         1.10%    passed     99.65%
  39  SLOCHNTAD2_fresh_MOTU115_TSG-5        1.10%    passed     99.92%
WARNING: 1 sequences contain more than 50% gaps/ambiguity
****  TOTAL                                 2.61%  0 sequences failed composition chi2 test (p-value<5%; df=3)
Reading alignment file iqtree_table_salt/HSP70_lacustris_HOU_table_salt.fa.aln.trim ... Fasta format detected
Alignment most likely contains DNA/RNA sequences
Alignment has 29 sequences with 420 columns, 74 distinct patterns
15 parsimony-informative, 13 singleton sites, 392 constant sites
                                 Gap/Ambiguity  Composition  p-value
   1  SLOCHN001_fresh_MOTU1_EUG-1        2.86%    passed     99.71%
   2  SLOCHN249_fresh_MOTU9_TSG-1        0.48%    passed     99.92%
   3  IZCASIA1686_brakish_MOTU16_HIG     0.95%    passed     99.93%
   4  SLOCHN101_fresh_MOTU17_TSG-2       0.71%    passed     99.84%
   5  IZCASIA1189_fresh_MOTU22_NAG       0.24%    passed     99.91%
   6  IZCASIA1344_fresh_MOTU33_TSG-3     0.00%    passed     99.78%
   7  IZCASIA1356_fresh_MOTU37_EAG       1.19%    passed    100.00%
   8  IZCASIA1196_fresh_MOTU38_EAG       2.38%    passed     99.63%
   9  IZCASIA2924_brackish_MOTU39_EAG    0.24%    passed     99.91%
  10  IZCASIA2924_brackish_MOTU40_EAG    0.24%    passed     99.91%
  11  IZCASIA1670_brackish_MOTU45_NTG    1.43%    passed     99.97%
  12  IZCASIA0968_salty_MOTU46_NTG       0.00%    passed     99.80%
  13  IZCASIA1671_salty_MOTU47_NTG       0.24%    passed     99.91%
  14  IZCASIA1699_brackish_MOTU48_NTG    0.48%    passed     99.95%
  15  IZCASIA1635_brackish_MOTU52_NTG    1.43%    passed     99.84%
  16  IZCASIA1639_brackish_MOTU53_NTG    0.48%    passed     99.95%
  17  IZCASIA1669_salty_MOTU56_TSG-4     1.19%    passed     99.65%
  18  SLOCHN236_fresh_MOTU61_TSG-4       3.57%    passed     99.91%
  19  IZCASIA2796_salty_MOTU63_STG       3.10%    passed     92.86%
  20  IZCASIA2802_brackish_MOTU65_STG    3.10%    passed     91.58%
  21  IZCASIA2905_salty_MOTU66_STG       0.71%    passed     99.92%
  22  IZCASIA2794_fresh_MOTU67_STG       2.86%    passed     98.93%
  23  IZCASIA1336_fresh_MOTU69_STG       0.71%    passed     98.84%
  24  IZCASIA1109_fresh_MOTU71_STG       0.71%    passed     97.79%
  25  IZCASIA1335_fresh_MOTU74_STG       0.71%    passed     98.75%
  26  IZCASIA1071_fresh_MOTU75_STG       0.48%    passed     95.50%
  27  IZCASIA1072_fresh_MOTU76_STG       0.48%    passed     99.08%
  28  IZCASIA1111_fresh_MOTU77_STG       1.19%    passed     99.34%
  29  IZCASIA0693A_fresh_MOTU99_TSG-5    0.48%    passed     98.50%
****  TOTAL                              1.12%  0 sequences failed composition chi2 test (p-value<5%; df=3)
Reading alignment file iqtree_table_salt/PEPCK_lacustris_HOU_table_salt.fa.aln.trim ... Fasta format detected
Alignment most likely contains DNA/RNA sequences
Alignment has 39 sequences with 559 columns, 120 distinct patterns
37 parsimony-informative, 44 singleton sites, 478 constant sites
                                    Gap/Ambiguity  Composition  p-value
   1  SLOCHN001_fresh_MOTU1_EUG-1           0.00%    passed     99.45%
   2  IZCASIA1686_brakish_MOTU16_HIG        0.00%    passed     99.75%
   3  SLOCHN101_fresh_MOTU17_TSG-2          0.36%    passed     99.78%
   4  IZCASIA1189_fresh_MOTU22_NAG          0.00%    passed     99.79%
   5  IZCASIA1344_fresh_MOTU33_TSG-3        0.18%    passed     99.71%
   6  IZCASIA1356_fresh_MOTU37_EAG          0.18%    passed     99.89%
   7  IZCASIA1196_fresh_MOTU38_EAG          2.50%    passed     99.96%
   8  IZCASIA0696a_brackish_MOTU42_EAG      0.36%    passed     99.66%
   9  IZCASIA1670_brackish_MOTU45_NTG       0.18%    passed     99.89%
  10  IZCASIA0968_salty_MOTU46_NTG          0.00%    passed     99.98%
  11  IZCASIA1671_salty_MOTU47_NTG          0.00%    passed     99.98%
  12  IZCASIA1699_brackish_MOTU48_NTG       0.18%    passed     99.97%
  13  IZCASIA0871_brackish_MOTU50_NTG       0.00%    passed     99.98%
  14  IZCASIA1635_brackish_MOTU52_NTG       0.18%    passed     99.50%
  15  IZCASIA1639_brackish_MOTU53_NTG       0.00%    passed     99.79%
  16  IZCASIA1669_salty_MOTU56_TSG-4        0.00%    passed     99.59%
  17  IZCASIA2796_salty_MOTU63_STG          3.04%    passed     98.72%
  18  IZCASIA2800_salty_MOTU64_STG          4.11%    passed     96.35%
  19  IZCASIA2802_brackish_MOTU65_STG       2.68%    passed     98.94%
  20  IZCASIA2905_salty_MOTU66_STG          0.00%    passed     99.59%
  21  IZCASIA1336_fresh_MOTU69_STG         42.04%    passed     49.59%
  22  IZCASIA1051_fresh_MOTU70_STG          0.18%    passed     99.89%
  23  IZCASIA1109_fresh_MOTU71_STG          0.00%    passed     99.98%
  24  IZCASIA1335_fresh_MOTU74_STG          0.00%    passed     99.98%
  25  IZCASIA1071_fresh_MOTU75_STG          0.00%    passed     99.75%
  26  IZCASIA1072_fresh_MOTU76_STG          0.00%    passed     99.98%
  27  IZCASIA1111_fresh_MOTU77_STG         61.54%    passed     69.98%
  28  IZCASIA1073_fresh_MOTU78_STG          0.00%    passed     99.94%
  29  SLOCHN168_salty_MOTU85_EUG-2          0.00%    passed     99.75%
  30  SLOCHN235_fresh_MOTU91_EUG-2          0.18%    passed     99.09%
  31  SLOCHN234_fresh_MOTU94_TSG-5          0.00%    passed     99.82%
  32  IZCASIA0693A_fresh_MOTU99_TSG-5       0.00%    passed     99.98%
  33  SLOCHNTAD4_fresh_MOTU100_TSG-5        0.18%    passed     99.94%
  34  IZCASIA1347_salty_MOTU101_TSG-5      54.03%    passed     36.49%
  35  IZCASIA1384_brackish_MOTU103_TSG-5    0.00%    passed     95.33%
  36  IZCASIA1386_brackish_MOTU104_TSG-5    0.00%    passed     96.33%
  37  SLOCHN174_fresh_MOTU109_TSG-5         0.00%    passed     98.09%
  38  SLOCHN198_fresh_MOTU111_TSG-5         0.36%    passed     98.22%
  39  SLOCHNTAD2_fresh_MOTU115_TSG-5        0.00%    passed     99.86%
WARNING: 2 sequences contain more than 50% gaps/ambiguity
****  TOTAL                                 4.42%  0 sequences failed composition chi2 test (p-value<5%; df=3)
Reading alignment file iqtree_table_salt/S12_16_lacustris_HOU_table_salt.fa.aln.trim ... Fasta format detected
Alignment most likely contains DNA/RNA sequences
Alignment has 74 sequences with 944 columns, 574 distinct patterns
410 parsimony-informative, 266 singleton sites, 268 constant sites
                                    Gap/Ambiguity  Composition  p-value
   1  SLOCHN001_fresh_MOTU1_EUG-1           0.00%    passed     91.26%
   2  SLOCHN375_salty_MOTU10_TSG-1          0.11%    passed     94.49%
   3  IZCASIA1087_fresh_MOTU11_HIG          0.00%    passed     98.54%
   4  IZCASIA2906_fresh_MOTU12_HIG          0.32%    passed     89.06%
   5  IZCASIA1259_brackish_MOTU13_HIG      59.32%    passed     88.58%
   6  IZCASIA1952_fresh_MOTU14_HIG          0.00%    passed     94.57%
   7  SLOCHN342_salty_MOTU15_HIG            0.00%    passed     99.86%
   8  IZCASIA1686_brakish_MOTU16_HIG        0.00%    passed     95.84%
   9  IZCASIA1810_fresh_MOTU18_TSG-2        0.00%    passed     99.33%
  10  SLOCHN377_fresh_MOTU19_TSG-2          0.00%    passed     98.56%
  11  SLOCHN370_brekish_MOTU20_TSG-2        0.00%    passed     98.12%
  12  IZCASIA1189_fresh_MOTU22_NAG          0.00%    passed     99.85%
  13  IZCASIA1260_salty_MOTU23_NAG         59.32%    passed     82.34%
  14  IZCASIA1389_fresh_MOTU24_NAG          0.00%    passed     98.12%
  15  SLOCHN490_fresh_MOTU25_NAG            0.00%    passed     96.81%
  16  25_fresh_MOTU26_NAG                  59.32%    passed     92.92%
  17  26_brekish_MOTU27_NAG                60.17%    passed     82.34%
  18  27_brekish_MOTU28_NAG                59.32%    passed     94.52%
  19  28_fresh_MOTU30_NAG                  59.85%    passed     88.05%
  20  29_fresh_MOTU31_NAG                  59.43%    passed     87.91%
  21  30_fresh_MOTU32_NAG                  59.32%    passed     92.00%
  22  IZCASIA1344_fresh_MOTU33_TSG-3        0.00%    passed     98.95%
  23  SLOCHN359_fresh_MOTU35_TSG-3          0.00%    passed     99.26%
  24  SLOCHN372_fresh_MOTU36_TSG-3          0.00%    passed     97.38%
  25  IZCASIA1356_fresh_MOTU37_EAG          0.00%    passed     95.46%
  26  IZCASIA1196_fresh_MOTU38_EAG          0.00%    passed     99.06%
  27  IZCASIA2924_brackish_MOTU39_EAG       0.00%    passed     98.00%
  28  IZCASIA2924_brackish_MOTU40_EAG       0.00%    passed     98.00%
  29  IZCASIA1104_brackish_MOTU41_EAG       0.00%    passed     98.74%
  30  IZCASIA0696a_brackish_MOTU42_EAG      0.00%    passed     74.12%
  31  31_fresh_MOTU43_EAG                  51.06%    passed     73.81%
  32  IZCASIA0430_brackish_MOTU44_NTG      23.52%    passed     96.65%
  33  IZCASIA1670_brackish_MOTU45_NTG       0.00%    passed     97.45%
  34  IZCASIA0968_salty_MOTU46_NTG          2.97%    passed     84.20%
  35  IZCASIA1671_salty_MOTU47_NTG          0.00%    passed     94.86%
  36  IZCASIA1699_brackish_MOTU48_NTG       3.28%    passed     83.59%
  37  32_fresh_MOTU49_NTG                  38.24%    passed     59.22%
  38  IZCASIA0871_brackish_MOTU50_NTG       0.00%    passed     98.00%
  39  IZCASIA1933_fresh_MOTU51_NTG          0.00%    passed     96.81%
  40  IZCASIA1635_brackish_MOTU52_NTG       0.00%    passed     99.38%
  41  IZCASIA1639_brackish_MOTU53_NTG       0.00%    passed     94.46%
  42  IZCASIA0436a_fresh_MOTU54_NTG         0.00%    passed     97.05%
  43  IZCASIA0436a_fresh_MOTU55_NTG        19.92%    failed      0.00%
  44  IZCASIA1669_salty_MOTU56_TSG-4        0.11%    passed     80.48%
  45  SLOCHN364_brackish_MOTU58_TSG-4       0.00%    passed     64.34%
  46  SLOCHN368_fresh_MOTU59_TSG-4          0.00%    passed     75.44%
  47  SLOCHN363_fresh_MOTU60_TSG-4          0.00%    passed     63.86%
  48  IZCASIA2796_salty_MOTU63_STG          0.00%    passed     46.70%
  49  IZCASIA2800_salty_MOTU64_STG          0.00%    passed     29.11%
  50  IZCASIA2802_brackish_MOTU65_STG       0.00%    passed     46.70%
  51  IZCASIA2905_salty_MOTU66_STG          0.11%    passed     30.62%
  52  IZCASIA2794_fresh_MOTU67_STG          0.00%    passed     50.00%
  53  IZCASIA1336_fresh_MOTU69_STG          0.00%    passed     48.66%
  54  IZCASIA1051_fresh_MOTU70_STG          0.00%    passed     70.42%
  55  IZCASIA1109_fresh_MOTU71_STG          0.00%    passed     28.16%
  56  IZCASIA0572_fresh_MOTU72_STG          1.38%    passed     26.20%
  57  IZCASIA1335_fresh_MOTU74_STG          0.00%    passed     90.50%
  58  IZCASIA1071_fresh_MOTU75_STG          0.00%    passed     96.41%
  59  IZCASIA1072_fresh_MOTU76_STG          0.00%    passed     92.88%
  60  IZCASIA1111_fresh_MOTU77_STG          0.00%    passed     99.53%
  61  IZCASIA1073_fresh_MOTU78_STG          0.00%    passed     96.38%
  62  SLOCHN442_fresh_MOTU87_EUG-2          0.21%    passed     96.22%
  63  SLOCHN343_fresh_MOTU98_TSG-5          0.00%    passed     33.01%
  64  IZCASIA1347_salty_MOTU101_TSG-5       0.21%    passed     54.10%
  65  IZCASIA1981_fresh_MOTU102_TSG-5       0.21%    passed     78.35%
  66  IZCASIA1384_brackish_MOTU103_TSG-5    0.00%    passed     54.69%
  67  IZCASIA1386_brackish_MOTU104_TSG-5    0.00%    passed     85.02%
  68  SLOCHN371_fresh_MOTU105_TSG-5         0.00%    passed     81.66%
  69  IZCASIA0432_brackish_MOTU106_TSG-5    0.11%    passed     85.44%
  70  SLOCHN360_fresh_MOTU107_TSG-5         0.74%    failed      0.10%
  71  IZCASIA2008_brackish_MOTU112_TSG-5    0.00%    passed     87.80%
  72  IZCASIA1996_fresh_MOTU113_TSG-5       0.32%    passed     54.98%
  73  IZCASIA2010_fresh_MOTU118_TSG-5       0.32%    passed     87.21%
  74  IZCASIA2001_brackish_MOTU119_TSG-5    0.32%    failed      2.35%
WARNING: 9 sequences contain more than 50% gaps/ambiguity
****  TOTAL                                 8.37%  3 sequences failed composition chi2 test (p-value<5%; df=3)
Reading alignment file iqtree_table_salt/S28_lacustris_HOU_table_salt.fa.aln.trim ... Fasta format detected
Alignment most likely contains DNA/RNA sequences
Alignment has 95 sequences with 1240 columns, 188 distinct patterns
93 parsimony-informative, 65 singleton sites, 1082 constant sites
                                    Gap/Ambiguity  Composition  p-value
   1  SLOCHN001_fresh_MOTU1_EUG-1           0.00%    passed     99.89%
   2  SLOCHN473_fresh_MOTU4_EUG-1           0.00%    passed     99.99%
   3  SLOCHN249_fresh_MOTU9_TSG-1           0.00%    passed     99.98%
   4  SLOCHN375_salty_MOTU10_TSG-1          0.00%    passed     99.98%
   5  IZCASIA1087_fresh_MOTU11_HIG          0.00%    passed     99.62%
   6  IZCASIA2906_fresh_MOTU12_HIG          0.00%    passed     99.10%
   7  IZCASIA1259_brackish_MOTU13_HIG       0.00%    passed     99.86%
   8  IZCASIA1952_fresh_MOTU14_HIG          0.00%    passed     99.97%
   9  SLOCHN342_salty_MOTU15_HIG            0.00%    passed     99.89%
  10  IZCASIA1686_brakish_MOTU16_HIG        0.00%    passed     99.86%
  11  SLOCHN101_fresh_MOTU17_TSG-2          0.00%    passed     99.92%
  12  IZCASIA1810_fresh_MOTU18_TSG-2        0.00%    passed     99.89%
  13  SLOCHN377_fresh_MOTU19_TSG-2          0.00%    passed     99.89%
  14  SLOCHN370_brekish_MOTU20_TSG-2        0.00%    passed     99.98%
  15  IZCASIA1189_fresh_MOTU22_NAG          0.00%    passed     99.98%
  16  IZCASIA1260_salty_MOTU23_NAG          0.00%    passed     99.86%
  17  IZCASIA1389_fresh_MOTU24_NAG          0.08%    passed     99.96%
  18  SLOCHN490_fresh_MOTU25_NAG            0.00%    passed     99.98%
  19  1_brekish_MOTU27_NAG                  0.00%    passed     99.98%
  20  2_fresh_MOTU30_NAG                    0.00%    passed     99.98%
  21  IZCASIA1344_fresh_MOTU33_TSG-3        0.00%    passed     99.92%
  22  SLOCHN359_fresh_MOTU35_TSG-3          0.00%    passed     99.92%
  23  SLOCHN372_fresh_MOTU36_TSG-3          0.00%    passed     99.92%
  24  IZCASIA1356_fresh_MOTU37_EAG          0.00%    passed     99.92%
  25  IZCASIA1196_fresh_MOTU38_EAG          0.00%    passed     99.92%
  26  IZCASIA2924_brackish_MOTU39_EAG       0.00%    passed     99.92%
  27  IZCASIA2924_brackish_MOTU40_EAG       0.00%    passed     99.92%
  28  IZCASIA1104_brackish_MOTU41_EAG       0.00%    passed     99.92%
  29  IZCASIA0696a_brackish_MOTU42_EAG      0.08%    passed     99.97%
  30  IZCASIA0430_brackish_MOTU44_NTG       0.00%    passed     99.73%
  31  IZCASIA1670_brackish_MOTU45_NTG       0.00%    passed     99.89%
  32  IZCASIA0968_salty_MOTU46_NTG          0.00%    passed     99.86%
  33  IZCASIA1671_salty_MOTU47_NTG          1.94%    passed     99.58%
  34  IZCASIA1699_brackish_MOTU48_NTG       0.00%    passed     99.86%
  35  IZCASIA0871_brackish_MOTU50_NTG       0.00%    passed     99.86%
  36  IZCASIA1933_fresh_MOTU51_NTG          0.00%    passed     99.97%
  37  IZCASIA1635_brackish_MOTU52_NTG       0.00%    passed     99.92%
  38  IZCASIA1639_brackish_MOTU53_NTG       0.00%    passed     99.98%
  39  IZCASIA0436a_fresh_MOTU54_NTG         0.00%    passed     99.92%
  40  IZCASIA0436a_fresh_MOTU55_NTG         9.52%    passed     95.38%
  41  IZCASIA1669_salty_MOTU56_TSG-4        0.00%    passed     99.89%
  42  IZCASIA0426_fresh_MOTU57_TSG-4        0.00%    passed     98.57%
  43  SLOCHN364_brackish_MOTU58_TSG-4       0.00%    passed     97.74%
  44  SLOCHN368_fresh_MOTU59_TSG-4          0.00%    passed     98.02%
  45  SLOCHN363_fresh_MOTU60_TSG-4          0.00%    passed     98.04%
  46  SLOCHN236_fresh_MOTU61_TSG-4          0.00%    passed     99.98%
  47  IZCASIA2796_salty_MOTU63_STG          0.00%    passed     99.56%
  48  IZCASIA2800_salty_MOTU64_STG          0.00%    passed     99.56%
  49  IZCASIA2802_brackish_MOTU65_STG       0.00%    passed     99.56%
  50  IZCASIA2905_salty_MOTU66_STG          0.56%    passed     98.81%
  51  IZCASIA2794_fresh_MOTU67_STG          0.00%    passed     99.87%
  52  IZCASIA1336_fresh_MOTU69_STG          0.00%    passed     99.71%
  53  IZCASIA1051_fresh_MOTU70_STG          0.08%    passed     99.71%
  54  IZCASIA1109_fresh_MOTU71_STG          0.08%    passed     99.81%
  55  IZCASIA0572_fresh_MOTU72_STG          0.00%    passed     99.85%
  56  IZCASIA1167_fresh_MOTU73_STG         22.18%    passed     93.12%
  57  IZCASIA1335_fresh_MOTU74_STG          0.00%    passed     99.38%
  58  IZCASIA1071_fresh_MOTU75_STG          0.00%    passed     99.99%
  59  IZCASIA1072_fresh_MOTU76_STG          0.00%    passed     99.31%
  60  IZCASIA1111_fresh_MOTU77_STG          0.08%    passed     99.08%
  61  IZCASIA1073_fresh_MOTU78_STG          0.08%    passed     99.08%
  62  SLOCHN345_brackish_MOTU80_STG         0.00%    passed     97.53%
  63  3_fresh_MOTU81_STG                   39.60%    passed     66.51%
  64  SLOCHN075_fresh_MOTU83_EUG-2          0.00%    passed     99.99%
  65  SLOCHN161_fresh_MOTU84_EUG-2          0.08%    passed     99.47%
  66  SLOCHN168_salty_MOTU85_EUG-2          0.00%    passed     97.21%
  67  SLOCHN170_salty_MOTU86_EUG-2          0.00%    passed     99.82%
  68  SLOCHN442_fresh_MOTU87_EUG-2          0.08%    passed     99.28%
  69  SLOCHN351_salty_MOTU90_EUG-2          0.56%    passed    100.00%
  70  SLOCHN235_fresh_MOTU91_EUG-2          0.00%    passed     98.09%
  71  SLOCHN234_fresh_MOTU94_TSG-5          0.00%    passed     98.35%
  72  SLOCHNN2TUM_fresh_MOTU96_TSG-5        0.00%    passed     99.99%
  73  SLOCHN515_fresh_MOTU97_TSG-5          0.00%    passed     99.98%
  74  SLOCHN343_fresh_MOTU98_TSG-5          0.08%    passed     99.12%
  75  IZCASIA0693A_fresh_MOTU99_TSG-5       0.08%    passed     99.51%
  76  SLOCHNTAD4_fresh_MOTU100_TSG-5        0.00%    passed     99.90%
  77  IZCASIA1347_salty_MOTU101_TSG-5       0.00%    passed     99.57%
  78  IZCASIA1981_fresh_MOTU102_TSG-5       0.08%    passed     99.79%
  79  IZCASIA1384_brackish_MOTU103_TSG-5    0.00%    passed     99.71%
  80  IZCASIA1386_brackish_MOTU104_TSG-5    0.00%    passed     99.56%
  81  SLOCHN371_fresh_MOTU105_TSG-5         0.00%    passed     99.86%
  82  IZCASIA0432_brackish_MOTU106_TSG-5    0.00%    passed     99.56%
  83  SLOCHN360_fresh_MOTU107_TSG-5         0.00%    passed     99.86%
  84  SLOCHN257_fresh_MOTU108_TSG-5         0.00%    passed     98.50%
  85  SLOCHN174_fresh_MOTU109_TSG-5         0.00%    passed     99.96%
  86  SLOCHN420_fresh_MOTU110_TSG-5         0.00%    passed     99.99%
  87  SLOCHN198_fresh_MOTU111_TSG-5         0.00%    passed     99.18%
  88  IZCASIA2008_brackish_MOTU112_TSG-5    0.00%    passed     98.70%
  89  IZCASIA1996_fresh_MOTU113_TSG-5       0.00%    passed     98.74%
  90  IZCASIA2018_fresh_MOTU114_TSG-5       0.00%    passed     98.74%
  91  SLOCHNTAD2_fresh_MOTU115_TSG-5        0.00%    passed     98.20%
  92  IZCASIA2011_brackish_MOTU116_TSG-5    0.00%    passed     99.96%
  93  SLOCHN350_fresh_MOTU117_TSG-5         0.32%    passed     99.50%
  94  IZCASIA2010_fresh_MOTU118_TSG-5       0.00%    passed     99.72%
  95  IZCASIA2001_brackish_MOTU119_TSG-5    0.00%    passed     99.98%
****  TOTAL                                 0.80%  0 sequences failed composition chi2 test (p-value<5%; df=3)
Subset	Type	Seqs	Sites	Infor	Invar	Model	Name
1	DNA	35	676	27	599	GTR+I+G	AK_lacustris_HOU_table_salt.fa.aln.trim
2	DNA	52	519	199	291	GTR+I+G	COIII_lacustris_HOU_table_salt.fa.aln.trim
3	DNA	134	1213	598	305	GTR+I+G	COI_lacustris_HOU_table_salt.fa.aln.trim
4	DNA	39	547	32	491	GTR+I+G	EF1a_lacustris_HOU_table_salt.fa.aln.trim
5	DNA	29	420	15	392	GTR+I+G	HSP70_lacustris_HOU_table_salt.fa.aln.trim
6	DNA	39	559	37	478	GTR+I+G	PEPCK_lacustris_HOU_table_salt.fa.aln.trim
7	DNA	74	944	410	268	GTR+I+G	S12_16_lacustris_HOU_table_salt.fa.aln.trim
8	DNA	95	1240	93	1082	SYM+I+G	S28_lacustris_HOU_table_salt.fa.aln.trim
Degree of missing data: 0.496
Info: multi-threading strategy over partitions

NOTE: IZCASIA2924_brackish_MOTU40_EAG is identical to IZCASIA2924_brackish_MOTU39_EAG but kept for subsequent analysis
NOTE: MK887757_fresh_Gammarus_lacustris_voucher_Gla_Lake_14_K14 is identical to MK887756_fresh_Gammarus_lacustris_voucher_Gla_Lake_14_K12 but kept for subsequent analysis
NOTE: 2_fresh_MOTU30_NAG is identical to 1_brekish_MOTU27_NAG but kept for subsequent analysis
NOTE: 6 identical sequences (see below) will be ignored for subsequent analysis
NOTE: MK887758_fresh_Gammarus_lacustris_voucher_Gla_Lake_14_K15 (identical to MK887756_fresh_Gammarus_lacustris_voucher_Gla_Lake_14_K12) is ignored but added at the end
NOTE: MK887759_fresh_Gammarus_lacustris_voucher_Gla_Lake_14_K16 (identical to MK887756_fresh_Gammarus_lacustris_voucher_Gla_Lake_14_K12) is ignored but added at the end
NOTE: MK887760_fresh_Gammarus_lacustris_voucher_Gla_Lake_14_K17 (identical to MK887756_fresh_Gammarus_lacustris_voucher_Gla_Lake_14_K12) is ignored but added at the end
NOTE: MK887761_fresh_Gammarus_lacustris_voucher_Gla_Lake_14_K18 (identical to MK887756_fresh_Gammarus_lacustris_voucher_Gla_Lake_14_K12) is ignored but added at the end
NOTE: MK887763_fresh_Gammarus_lacustris_voucher_Gla_Lake_14_K20 (identical to MK887756_fresh_Gammarus_lacustris_voucher_Gla_Lake_14_K12) is ignored but added at the end
NOTE: MK887764_fresh_Gammarus_lacustris_voucher_Gla_Lake_14_K21 (identical to MK887756_fresh_Gammarus_lacustris_voucher_Gla_Lake_14_K12) is ignored but added at the end
Alignment was printed to example.nex.uniqueseq.phy

For your convenience alignment with unique sequences printed to example.nex.uniqueseq.phy

Create initial parsimony tree by phylogenetic likelihood library (PLL)... 0.049 seconds
Generating 1000 samples for ultrafast bootstrap (seed: 271699)...

NOTE: 35 MB RAM (0 GB) is required!
Estimate model parameters (epsilon = 0.100)
Initial log-likelihood: -53449.647
Current log-likelihood at step 1: -47171.536
Current log-likelihood at step 2: -46848.212
WARNING: Too high (saturated) partition rates for proportional partition model!
Current log-likelihood at step 3: -46823.382
WARNING: Too high (saturated) partition rates for proportional partition model!
Current log-likelihood at step 4: -46813.256
WARNING: Too high (saturated) partition rates for proportional partition model!
Current log-likelihood at step 5: -46806.466
WARNING: Too high (saturated) partition rates for proportional partition model!
Current log-likelihood at step 6: -46801.449
WARNING: Too high (saturated) partition rates for proportional partition model!
Current log-likelihood at step 7: -46797.562
WARNING: Too high (saturated) partition rates for proportional partition model!
Current log-likelihood at step 8: -46794.516
WARNING: Too high (saturated) partition rates for proportional partition model!
Current log-likelihood at step 9: -46792.180
WARNING: Too high (saturated) partition rates for proportional partition model!
Current log-likelihood at step 10: -46790.410
WARNING: Too high (saturated) partition rates for proportional partition model!
Current log-likelihood at step 11: -46789.045
WARNING: Too high (saturated) partition rates for proportional partition model!
Current log-likelihood at step 12: -46787.937
WARNING: Too high (saturated) partition rates for proportional partition model!
Current log-likelihood at step 13: -46786.998
WARNING: Too high (saturated) partition rates for proportional partition model!
Current log-likelihood at step 14: -46786.162
WARNING: Too high (saturated) partition rates for proportional partition model!
Current log-likelihood at step 15: -46785.371
WARNING: Too high (saturated) partition rates for proportional partition model!
Current log-likelihood at step 16: -46763.625
WARNING: Too high (saturated) partition rates for proportional partition model!
Current log-likelihood at step 17: -46763.001
WARNING: Too high (saturated) partition rates for proportional partition model!
Current log-likelihood at step 18: -46762.344
WARNING: Too high (saturated) partition rates for proportional partition model!
Current log-likelihood at step 19: -46761.629
WARNING: Too high (saturated) partition rates for proportional partition model!
Current log-likelihood at step 20: -46760.838
WARNING: Too high (saturated) partition rates for proportional partition model!
Current log-likelihood at step 21: -46759.950
WARNING: Too high (saturated) partition rates for proportional partition model!
Current log-likelihood at step 22: -46758.926
WARNING: Too high (saturated) partition rates for proportional partition model!
Current log-likelihood at step 23: -46757.783
WARNING: Too high (saturated) partition rates for proportional partition model!
Current log-likelihood at step 24: -46756.492
WARNING: Too high (saturated) partition rates for proportional partition model!
Current log-likelihood at step 25: -46755.029
WARNING: Too high (saturated) partition rates for proportional partition model!
Current log-likelihood at step 26: -46753.365
WARNING: Too high (saturated) partition rates for proportional partition model!
Current log-likelihood at step 27: -46751.559
WARNING: Too high (saturated) partition rates for proportional partition model!
Current log-likelihood at step 28: -46749.671
WARNING: Too high (saturated) partition rates for proportional partition model!
Current log-likelihood at step 29: -46748.065
WARNING: Too high (saturated) partition rates for proportional partition model!
Current log-likelihood at step 30: -46747.060
WARNING: Too high (saturated) partition rates for proportional partition model!
Current log-likelihood at step 31: -46746.635
WARNING: Too high (saturated) partition rates for proportional partition model!
Current log-likelihood at step 32: -46746.485
WARNING: Too high (saturated) partition rates for proportional partition model!
Current log-likelihood at step 33: -46746.417
Partition-specific rates:  0.096 1.933 2.096 0.099 0.190 0.154 2.281 0.108
Parameters optimization took 32 rounds (8.366 sec)

Computing ML distances based on estimated model parameters... 0.398 sec
WARNING: Some pairwise ML distances are too long (saturated)
Computing BIONJ tree...
0.009 seconds
Log-likelihood of BIONJ tree: -50394.240
--------------------------------------------------------------------
|             INITIALIZING CANDIDATE TREE SET                      |
--------------------------------------------------------------------
Generating 98 parsimony trees... 5.207 second
Computing log-likelihood of 98 initial trees ... 4.908 seconds
Current best score: -46746.417

Do NNI search on 20 best initial trees
Estimate model parameters (epsilon = 0.100)
Initial log-likelihood: -46728.474
WARNING: Too high (saturated) partition rates for proportional partition model!
Current log-likelihood at step 1: -46728.203
WARNING: Too high (saturated) partition rates for proportional partition model!
Current log-likelihood at step 2: -46728.147
Parameters optimization took 1 rounds (0.455 sec)

BETTER TREE FOUND at iteration 1: -46728.147
Estimate model parameters (epsilon = 0.100)
Initial log-likelihood: -46693.629
WARNING: Too high (saturated) partition rates for proportional partition model!
Current log-likelihood at step 1: -46692.942
WARNING: Too high (saturated) partition rates for proportional partition model!
Current log-likelihood at step 2: -46692.885
Parameters optimization took 1 rounds (0.469 sec)

BETTER TREE FOUND at iteration 2: -46692.885
Estimate model parameters (epsilon = 0.100)
Initial log-likelihood: -46686.589
WARNING: Too high (saturated) partition rates for proportional partition model!
Current log-likelihood at step 1: -46685.788
WARNING: Too high (saturated) partition rates for proportional partition model!
Current log-likelihood at step 2: -46685.740
Parameters optimization took 1 rounds (0.470 sec)

BETTER TREE FOUND at iteration 8: -46685.740
Estimate model parameters (epsilon = 0.100)
Initial log-likelihood: -46683.430
WARNING: Too high (saturated) partition rates for proportional partition model!
Current log-likelihood at step 1: -46682.898
WARNING: Too high (saturated) partition rates for proportional partition model!
Current log-likelihood at step 2: -46682.852
Parameters optimization took 1 rounds (0.448 sec)

BETTER TREE FOUND at iteration 10: -46682.852
Iteration 10 / LogL: -46682.852 / Time: 0h:0m:57s
Iteration 20 / LogL: -46733.825 / Time: 0h:1m:32s
Finish initializing candidate tree set (20)
Current best tree score: -46682.852 / CPU time: 82.195
Number of iterations: 20
--------------------------------------------------------------------
|               OPTIMIZING CANDIDATE TREE SET                      |
--------------------------------------------------------------------
Iteration 30 / LogL: -46686.279 / Time: 0h:2m:13s (0h:6m:8s left)
Estimate model parameters (epsilon = 0.100)
Initial log-likelihood: -46682.772
WARNING: Too high (saturated) partition rates for proportional partition model!
Current log-likelihood at step 1: -46682.040
WARNING: Too high (saturated) partition rates for proportional partition model!
Current log-likelihood at step 2: -46681.995
Parameters optimization took 1 rounds (0.479 sec)

BETTER TREE FOUND at iteration 33: -46681.995
Estimate model parameters (epsilon = 0.100)
Initial log-likelihood: -46680.086
WARNING: Too high (saturated) partition rates for proportional partition model!
Current log-likelihood at step 1: -46679.696
WARNING: Too high (saturated) partition rates for proportional partition model!
Current log-likelihood at step 2: -46679.661
Parameters optimization took 1 rounds (0.375 sec)

BETTER TREE FOUND at iteration 34: -46679.661
Estimate model parameters (epsilon = 0.100)
Initial log-likelihood: -46679.168
WARNING: Too high (saturated) partition rates for proportional partition model!
Current log-likelihood at step 1: -46678.866
WARNING: Too high (saturated) partition rates for proportional partition model!
Current log-likelihood at step 2: -46678.824
Parameters optimization took 1 rounds (0.450 sec)

BETTER TREE FOUND at iteration 39: -46678.824
Iteration 40 / LogL: -46687.332 / Time: 0h:2m:43s (0h:6m:55s left)
Estimate model parameters (epsilon = 0.100)
Initial log-likelihood: -46676.338
WARNING: Too high (saturated) partition rates for proportional partition model!
Current log-likelihood at step 1: -46676.191
WARNING: Too high (saturated) partition rates for proportional partition model!
Current log-likelihood at step 2: -46676.162
Parameters optimization took 1 rounds (0.494 sec)

BETTER TREE FOUND at iteration 46: -46676.162
Iteration 50 / LogL: -46677.088 / Time: 0h:3m:17s (0h:6m:27s left)
Log-likelihood cutoff on original alignment: -46757.439
Estimate model parameters (epsilon = 0.100)
Initial log-likelihood: -46674.447
WARNING: Too high (saturated) partition rates for proportional partition model!
Current log-likelihood at step 1: -46674.414
Parameters optimization took 0 rounds (0.183 sec)

BETTER TREE FOUND at iteration 52: -46674.414
Iteration 60 / LogL: -46675.467 / Time: 0h:3m:50s (0h:6m:0s left)
Estimate model parameters (epsilon = 0.100)
Initial log-likelihood: -46670.518
WARNING: Too high (saturated) partition rates for proportional partition model!
Current log-likelihood at step 1: -46670.160
WARNING: Too high (saturated) partition rates for proportional partition model!
Current log-likelihood at step 2: -46670.132
Parameters optimization took 1 rounds (0.423 sec)

BETTER TREE FOUND at iteration 66: -46670.132
Iteration 70 / LogL: -46673.611 / Time: 0h:4m:25s (0h:6m:9s left)
Estimate model parameters (epsilon = 0.100)
Initial log-likelihood: -46669.159
WARNING: Too high (saturated) partition rates for proportional partition model!
Current log-likelihood at step 1: -46669.036
WARNING: Too high (saturated) partition rates for proportional partition model!
Current log-likelihood at step 2: -46669.002
Parameters optimization took 1 rounds (0.397 sec)

BETTER TREE FOUND at iteration 73: -46669.002
Iteration 80 / LogL: -46732.554 / Time: 0h:4m:56s (0h:5m:48s left)
Estimate model parameters (epsilon = 0.100)
Initial log-likelihood: -46667.984
WARNING: Too high (saturated) partition rates for proportional partition model!
Current log-likelihood at step 1: -46667.905
Parameters optimization took 0 rounds (0.185 sec)

BETTER TREE FOUND at iteration 81: -46667.905
Estimate model parameters (epsilon = 0.100)
Initial log-likelihood: -46662.907
WARNING: Too high (saturated) partition rates for proportional partition model!
Current log-likelihood at step 1: -46662.848
Parameters optimization took 0 rounds (0.181 sec)

BETTER TREE FOUND at iteration 82: -46662.848
Iteration 90 / LogL: -46667.153 / Time: 0h:5m:34s (0h:5m:45s left)
Estimate model parameters (epsilon = 0.100)
Initial log-likelihood: -46661.172
WARNING: Too high (saturated) partition rates for proportional partition model!
Current log-likelihood at step 1: -46661.075
Parameters optimization took 0 rounds (0.183 sec)

BETTER TREE FOUND at iteration 91: -46661.075
Iteration 100 / LogL: -46664.345 / Time: 0h:5m:54s (0h:5m:25s left)
Log-likelihood cutoff on original alignment: -46757.439
NOTE: Bootstrap correlation coefficient of split occurrence frequencies: 0.886
NOTE: UFBoot does not converge, continue at least 100 more iterations
Estimate model parameters (epsilon = 0.100)
Initial log-likelihood: -46660.797
WARNING: Too high (saturated) partition rates for proportional partition model!
Current log-likelihood at step 1: -46660.767
Parameters optimization took 0 rounds (0.181 sec)

BETTER TREE FOUND at iteration 109: -46660.767
Iteration 110 / LogL: -46663.988 / Time: 0h:6m:19s (0h:5m:44s left)
Iteration 120 / LogL: -46729.164 / Time: 0h:6m:40s (0h:4m:59s left)
Estimate model parameters (epsilon = 0.100)
Initial log-likelihood: -46660.588
WARNING: Too high (saturated) partition rates for proportional partition model!
Current log-likelihood at step 1: -46660.569
Parameters optimization took 0 rounds (0.220 sec)

BETTER TREE FOUND at iteration 126: -46660.569
Iteration 130 / LogL: -46664.970 / Time: 0h:7m:5s (0h:5m:16s left)
Estimate model parameters (epsilon = 0.100)
Initial log-likelihood: -46659.957
WARNING: Too high (saturated) partition rates for proportional partition model!
Current log-likelihood at step 1: -46659.932
Parameters optimization took 0 rounds (0.220 sec)

BETTER TREE FOUND at iteration 136: -46659.932
Iteration 140 / LogL: -46664.585 / Time: 0h:7m:28s (0h:5m:9s left)
Iteration 150 / LogL: -46666.610 / Time: 0h:8m:1s (0h:4m:37s left)
Log-likelihood cutoff on original alignment: -46742.124
Iteration 160 / LogL: -46901.890 / Time: 0h:8m:28s (0h:4m:3s left)
Iteration 170 / LogL: -46666.225 / Time: 0h:8m:56s (0h:3m:29s left)
Iteration 180 / LogL: -46660.684 / Time: 0h:9m:24s (0h:2m:56s left)
Iteration 190 / LogL: -46900.777 / Time: 0h:9m:49s (0h:2m:23s left)
Estimate model parameters (epsilon = 0.100)
Initial log-likelihood: -46658.429
WARNING: Too high (saturated) partition rates for proportional partition model!
Current log-likelihood at step 1: -46658.367
Parameters optimization took 0 rounds (0.222 sec)

BETTER TREE FOUND at iteration 196: -46658.367
Iteration 200 / LogL: -46659.943 / Time: 0h:10m:21s (0h:4m:59s left)
Log-likelihood cutoff on original alignment: -46741.703
NOTE: Bootstrap correlation coefficient of split occurrence frequencies: 0.967
NOTE: UFBoot does not converge, continue at least 100 more iterations
Estimate model parameters (epsilon = 0.100)
Initial log-likelihood: -46658.341
WARNING: Too high (saturated) partition rates for proportional partition model!
Current log-likelihood at step 1: -46658.321
Parameters optimization took 0 rounds (0.218 sec)

BETTER TREE FOUND at iteration 208: -46658.321
Iteration 210 / LogL: -46661.160 / Time: 0h:10m:50s (0h:5m:5s left)
Iteration 220 / LogL: -46658.361 / Time: 0h:11m:17s (0h:4m:32s left)
Iteration 230 / LogL: -46683.773 / Time: 0h:11m:46s (0h:4m:0s left)
Iteration 240 / LogL: -46658.365 / Time: 0h:12m:16s (0h:3m:29s left)
Iteration 250 / LogL: -46663.612 / Time: 0h:12m:37s (0h:2m:56s left)
Log-likelihood cutoff on original alignment: -46741.703
Iteration 260 / LogL: -46666.430 / Time: 0h:13m:0s (0h:2m:24s left)
Iteration 270 / LogL: -46659.648 / Time: 0h:13m:24s (0h:1m:53s left)
Iteration 280 / LogL: -46659.802 / Time: 0h:13m:46s (0h:1m:22s left)
Iteration 290 / LogL: -46658.621 / Time: 0h:14m:9s (0h:0m:52s left)
Iteration 300 / LogL: -46658.818 / Time: 0h:14m:38s (0h:0m:23s left)
Log-likelihood cutoff on original alignment: -46741.703
NOTE: Bootstrap correlation coefficient of split occurrence frequencies: 0.979
NOTE: UFBoot does not converge, continue at least 100 more iterations
Iteration 310 / LogL: -46716.150 / Time: 0h:15m:3s (0h:4m:23s left)
BETTER TREE FOUND at iteration 313: -46658.318
Iteration 320 / LogL: -46728.523 / Time: 0h:15m:33s (0h:4m:32s left)
Iteration 330 / LogL: -46663.185 / Time: 0h:15m:56s (0h:4m:1s left)
Iteration 340 / LogL: -46658.764 / Time: 0h:16m:28s (0h:3m:32s left)
Estimate model parameters (epsilon = 0.100)
Initial log-likelihood: -46657.342
WARNING: Too high (saturated) partition rates for proportional partition model!
Current log-likelihood at step 1: -46657.034
WARNING: Too high (saturated) partition rates for proportional partition model!
Current log-likelihood at step 2: -46656.982
Parameters optimization took 1 rounds (0.428 sec)

BETTER TREE FOUND at iteration 341: -46656.982
Iteration 350 / LogL: -46658.570 / Time: 0h:17m:3s (0h:4m:26s left)
Log-likelihood cutoff on original alignment: -46741.703
Estimate model parameters (epsilon = 0.100)
Initial log-likelihood: -46656.902
WARNING: Too high (saturated) partition rates for proportional partition model!
Current log-likelihood at step 1: -46656.887
Parameters optimization took 0 rounds (0.280 sec)

BETTER TREE FOUND at iteration 353: -46656.887
Estimate model parameters (epsilon = 0.100)
Initial log-likelihood: -46656.855
WARNING: Too high (saturated) partition rates for proportional partition model!
Current log-likelihood at step 1: -46656.837
Parameters optimization took 0 rounds (0.265 sec)

BETTER TREE FOUND at iteration 358: -46656.837
Iteration 360 / LogL: -46734.007 / Time: 0h:17m:49s (0h:4m:52s left)
Estimate model parameters (epsilon = 0.100)
Initial log-likelihood: -46656.684
WARNING: Too high (saturated) partition rates for proportional partition model!
Current log-likelihood at step 1: -46656.670
Parameters optimization took 0 rounds (0.259 sec)

BETTER TREE FOUND at iteration 364: -46656.670
Iteration 370 / LogL: -46660.629 / Time: 0h:18m:24s (0h:4m:41s left)
Estimate model parameters (epsilon = 0.100)
Initial log-likelihood: -46656.637
WARNING: Too high (saturated) partition rates for proportional partition model!
Current log-likelihood at step 1: -46656.624
Parameters optimization took 0 rounds (0.292 sec)

BETTER TREE FOUND at iteration 377: -46656.624
Iteration 380 / LogL: -46656.880 / Time: 0h:18m:59s (0h:4m:51s left)
Iteration 390 / LogL: -46664.983 / Time: 0h:19m:34s (0h:4m:22s left)
Iteration 400 / LogL: -46656.860 / Time: 0h:20m:3s (0h:3m:52s left)
Log-likelihood cutoff on original alignment: -46741.703
NOTE: Bootstrap correlation coefficient of split occurrence frequencies: 0.968
NOTE: UFBoot does not converge, continue at least 100 more iterations
Iteration 410 / LogL: -46657.000 / Time: 0h:20m:29s (0h:4m:30s left)
Iteration 420 / LogL: -46663.949 / Time: 0h:20m:51s (0h:3m:58s left)
Iteration 430 / LogL: -46658.592 / Time: 0h:21m:23s (0h:3m:29s left)
Iteration 440 / LogL: -46662.061 / Time: 0h:21m:45s (0h:2m:58s left)
Iteration 450 / LogL: -46657.977 / Time: 0h:22m:11s (0h:2m:28s left)
Log-likelihood cutoff on original alignment: -46741.703
BETTER TREE FOUND at iteration 452: -46656.618
Iteration 460 / LogL: -46725.767 / Time: 0h:22m:42s (0h:4m:33s left)
BETTER TREE FOUND at iteration 463: -46656.609
Iteration 470 / LogL: -46656.618 / Time: 0h:23m:5s (0h:4m:34s left)
BETTER TREE FOUND at iteration 478: -46656.608
Iteration 480 / LogL: -46672.229 / Time: 0h:23m:29s (0h:4m:48s left)
Iteration 490 / LogL: -46659.124 / Time: 0h:23m:58s (0h:4m:18s left)
Iteration 500 / LogL: -46670.354 / Time: 0h:24m:28s (0h:3m:49s left)
Log-likelihood cutoff on original alignment: -46741.703
NOTE: Bootstrap correlation coefficient of split occurrence frequencies: 0.982
NOTE: UFBoot does not converge, continue at least 100 more iterations
Iteration 510 / LogL: -46656.711 / Time: 0h:24m:58s (0h:4m:24s left)
Estimate model parameters (epsilon = 0.100)
Initial log-likelihood: -46656.254
WARNING: Too high (saturated) partition rates for proportional partition model!
Current log-likelihood at step 1: -46656.168
Parameters optimization took 0 rounds (0.194 sec)

BETTER TREE FOUND at iteration 515: -46656.168
Iteration 520 / LogL: -46662.897 / Time: 0h:25m:27s (0h:4m:39s left)
Iteration 530 / LogL: -46658.576 / Time: 0h:25m:52s (0h:4m:9s left)
Iteration 540 / LogL: -46656.761 / Time: 0h:26m:14s (0h:3m:39s left)
Iteration 550 / LogL: -46663.024 / Time: 0h:26m:44s (0h:3m:9s left)
Log-likelihood cutoff on original alignment: -46741.703
Estimate model parameters (epsilon = 0.100)
Initial log-likelihood: -46656.010
WARNING: Too high (saturated) partition rates for proportional partition model!
Current log-likelihood at step 1: -46655.995
Parameters optimization took 0 rounds (0.184 sec)

BETTER TREE FOUND at iteration 559: -46655.995
Iteration 560 / LogL: -46656.531 / Time: 0h:27m:10s (0h:4m:48s left)
Iteration 570 / LogL: -46668.238 / Time: 0h:27m:35s (0h:4m:18s left)
Estimate model parameters (epsilon = 0.100)
Initial log-likelihood: -46655.793
WARNING: Too high (saturated) partition rates for proportional partition model!
Current log-likelihood at step 1: -46655.780
Parameters optimization took 0 rounds (0.218 sec)

BETTER TREE FOUND at iteration 579: -46655.780
Iteration 580 / LogL: -46660.401 / Time: 0h:28m:3s (0h:4m:47s left)
Estimate model parameters (epsilon = 0.100)
Initial log-likelihood: -46655.763
WARNING: Too high (saturated) partition rates for proportional partition model!
Current log-likelihood at step 1: -46655.752
Parameters optimization took 0 rounds (0.218 sec)

BETTER TREE FOUND at iteration 588: -46655.752
Iteration 590 / LogL: -46713.907 / Time: 0h:28m:30s (0h:4m:44s left)
Iteration 600 / LogL: -46666.392 / Time: 0h:28m:51s (0h:4m:14s left)
Log-likelihood cutoff on original alignment: -46741.703
NOTE: Bootstrap correlation coefficient of split occurrence frequencies: 0.978
NOTE: UFBoot does not converge, continue at least 100 more iterations
Iteration 610 / LogL: -46714.163 / Time: 0h:29m:16s (0h:4m:19s left)
Iteration 620 / LogL: -46661.396 / Time: 0h:29m:49s (0h:3m:51s left)
BETTER TREE FOUND at iteration 623: -46655.748
BETTER TREE FOUND at iteration 624: -46655.744
BETTER TREE FOUND at iteration 630: -46655.736
Iteration 630 / LogL: -46655.736 / Time: 0h:30m:17s (0h:4m:49s left)
Iteration 640 / LogL: -46661.375 / Time: 0h:30m:47s (0h:4m:20s left)
Iteration 650 / LogL: -46664.053 / Time: 0h:31m:12s (0h:3m:50s left)
Log-likelihood cutoff on original alignment: -46741.703
Iteration 660 / LogL: -46656.552 / Time: 0h:31m:40s (0h:3m:21s left)
Iteration 670 / LogL: -46670.490 / Time: 0h:32m:13s (0h:2m:53s left)
Iteration 680 / LogL: -46658.644 / Time: 0h:32m:41s (0h:2m:24s left)
Estimate model parameters (epsilon = 0.100)
Initial log-likelihood: -46655.049
WARNING: Too high (saturated) partition rates for proportional partition model!
Current log-likelihood at step 1: -46654.915
WARNING: Too high (saturated) partition rates for proportional partition model!
Current log-likelihood at step 2: -46654.865
Parameters optimization took 1 rounds (0.437 sec)

BETTER TREE FOUND at iteration 689: -46654.865
Iteration 690 / LogL: -46657.980 / Time: 0h:33m:5s (0h:4m:45s left)
Estimate model parameters (epsilon = 0.100)
Initial log-likelihood: -46654.782
WARNING: Too high (saturated) partition rates for proportional partition model!
Current log-likelihood at step 1: -46654.763
Parameters optimization took 0 rounds (0.189 sec)

BETTER TREE FOUND at iteration 693: -46654.763
Estimate model parameters (epsilon = 0.100)
Initial log-likelihood: -46654.719
WARNING: Too high (saturated) partition rates for proportional partition model!
Current log-likelihood at step 1: -46654.697
Parameters optimization took 0 rounds (0.228 sec)

BETTER TREE FOUND at iteration 694: -46654.697
Estimate model parameters (epsilon = 0.100)
Initial log-likelihood: -46654.686
WARNING: Too high (saturated) partition rates for proportional partition model!
Current log-likelihood at step 1: -46654.642
Parameters optimization took 0 rounds (0.220 sec)

BETTER TREE FOUND at iteration 696: -46654.642
Iteration 700 / LogL: -46659.266 / Time: 0h:33m:40s (0h:4m:37s left)
Log-likelihood cutoff on original alignment: -46741.703
NOTE: Bootstrap correlation coefficient of split occurrence frequencies: 0.978
NOTE: UFBoot does not converge, continue at least 100 more iterations
Iteration 710 / LogL: -46654.647 / Time: 0h:34m:13s (0h:4m:20s left)
Iteration 720 / LogL: -46666.161 / Time: 0h:34m:41s (0h:3m:51s left)
BETTER TREE FOUND at iteration 728: -46654.642
Iteration 730 / LogL: -46654.686 / Time: 0h:35m:14s (0h:4m:44s left)
Iteration 740 / LogL: -46676.341 / Time: 0h:35m:40s (0h:4m:14s left)
Iteration 750 / LogL: -46654.697 / Time: 0h:36m:13s (0h:3m:46s left)
Log-likelihood cutoff on original alignment: -46741.703
BETTER TREE FOUND at iteration 753: -46654.641
Iteration 760 / LogL: -46656.668 / Time: 0h:36m:37s (0h:4m:29s left)
Iteration 770 / LogL: -46895.484 / Time: 0h:37m:3s (0h:4m:0s left)
Iteration 780 / LogL: -46661.111 / Time: 0h:37m:32s (0h:3m:31s left)
Iteration 790 / LogL: -46654.915 / Time: 0h:38m:10s (0h:3m:2s left)
Iteration 800 / LogL: -46668.538 / Time: 0h:38m:36s (0h:2m:33s left)
Log-likelihood cutoff on original alignment: -46741.703
NOTE: Bootstrap correlation coefficient of split occurrence frequencies: 0.985
NOTE: UFBoot does not converge, continue at least 100 more iterations
Iteration 810 / LogL: -46658.205 / Time: 0h:39m:4s (0h:4m:20s left)
Iteration 820 / LogL: -46683.179 / Time: 0h:39m:37s (0h:3m:52s left)
Iteration 830 / LogL: -46656.518 / Time: 0h:40m:11s (0h:3m:23s left)
Iteration 840 / LogL: -46656.117 / Time: 0h:40m:49s (0h:2m:55s left)
Iteration 850 / LogL: -46675.459 / Time: 0h:41m:18s (0h:2m:25s left)
Log-likelihood cutoff on original alignment: -46741.703
Iteration 860 / LogL: -46661.244 / Time: 0h:41m:51s (0h:1m:56s left)
Iteration 870 / LogL: -46657.666 / Time: 0h:42m:35s (0h:1m:28s left)
Iteration 880 / LogL: -46720.455 / Time: 0h:42m:59s (0h:0m:58s left)
Iteration 890 / LogL: -46655.287 / Time: 0h:43m:27s (0h:0m:29s left)
Iteration 900 / LogL: -46654.652 / Time: 0h:44m:2s (0h:0m:0s left)
Log-likelihood cutoff on original alignment: -46741.703
NOTE: Bootstrap correlation coefficient of split occurrence frequencies: 0.986
NOTE: UFBoot does not converge, continue at least 100 more iterations
Iteration 910 / LogL: -46656.885 / Time: 0h:44m:27s (0h:4m:24s left)
Iteration 920 / LogL: -46654.811 / Time: 0h:44m:52s (0h:3m:54s left)
BETTER TREE FOUND at iteration 929: -46654.638
Iteration 930 / LogL: -46661.280 / Time: 0h:45m:26s (0h:4m:50s left)
Iteration 940 / LogL: -46662.291 / Time: 0h:46m:2s (0h:4m:21s left)
Iteration 950 / LogL: -46655.190 / Time: 0h:46m:33s (0h:3m:52s left)
Log-likelihood cutoff on original alignment: -46741.703
Iteration 960 / LogL: -46659.992 / Time: 0h:47m:3s (0h:3m:23s left)
Iteration 970 / LogL: -46675.565 / Time: 0h:47m:31s (0h:2m:53s left)
Iteration 980 / LogL: -46655.050 / Time: 0h:48m:5s (0h:2m:24s left)
Iteration 990 / LogL: -46700.010 / Time: 0h:48m:34s (0h:1m:54s left)
Iteration 1000 / LogL: -46655.365 / Time: 0h:48m:57s (0h:1m:25s left)
Log-likelihood cutoff on original alignment: -46741.703
NOTE: Bootstrap correlation coefficient of split occurrence frequencies: 0.987
NOTE: UFBoot does not converge, continue at least 100 more iterations
WARNING: bootstrap analysis did not converge. You should rerun with higher number of iterations (-nm option)
TREE SEARCH COMPLETED AFTER 1001 ITERATIONS / Time: 0h:49m:0s

--------------------------------------------------------------------
|                    FINALIZING TREE SEARCH                        |
--------------------------------------------------------------------
Performs final model parameters optimization
Estimate model parameters (epsilon = 0.010)
Initial log-likelihood: -46654.638
WARNING: Too high (saturated) partition rates for proportional partition model!
Current log-likelihood at step 1: -46654.626
WARNING: Too high (saturated) partition rates for proportional partition model!
Current log-likelihood at step 2: -46654.620
Partition-specific rates:  0.097 1.926 2.076 0.090 0.193 0.158 2.316 0.105
Parameters optimization took 1 rounds (0.430 sec)

Partition information was printed to example.nex.best_model.nex
BEST SCORE FOUND : -46654.620
Creating bootstrap support values...
Split supports printed to NEXUS file example.nex.splits.nex
Total tree length: 21.576

Total number of iterations: 1001
CPU time used for tree search: 2809.758 sec (0h:46m:49s)
Wall-clock time used for tree search: 2930.184 sec (0h:48m:50s)
Total CPU time used: 2820.196 sec (0h:47m:0s)
Total wall-clock time used: 2940.822 sec (0h:49m:0s)

Computing bootstrap consensus tree...
Reading input file example.nex.splits.nex...
142 taxa and 1955 splits.
Consensus tree written to example.nex.contree
Reading input trees file example.nex.contree
Log-likelihood of consensus tree: -46686.756

Analysis results written to: 
  IQ-TREE report:                example.nex.iqtree
  Maximum-likelihood tree:       example.nex.treefile
  Likelihood distances:          example.nex.mldist

Ultrafast bootstrap approximation results written to:
  Split support values:          example.nex.splits.nex
  Consensus tree:                example.nex.contree
  Screen log file:               example.nex.log

Date and Time: Mon Dec  8 15:36:22 2025
